
 Start   Stop    Length  Name                                     Class     

 000000H 00063FH 00640H  _TEXT                                    CODE      
 000640H 0008A9H 0026AH  CABLESTATUS_TEXT                         CODE      
 0008AAH 001213H 0096AH  DPLIBINTERFACE_TEXT                      CODE      
 001214H 001569H 00356H  DPRXDDCCI_TEXT                           CODE      
 00156AH 00181AH 002B1H  DPRXEDID_TEXT                            CODE      
 00181BH 002350H 00B36H  DPPWRSTATECHECK_TEXT                     CODE      
 002351H 004C07H 028B7H  DPBRAPP_TEXT                             CODE      
 004C08H 004C08H 00000H  PREDEFINEDGAMMALUT_TEXT                  CODE      
 004C08H 004C08H 00000H  DYNAMICGAMUTMAPPING_TEXT                 CODE      
 004C08H 004C08H 00000H  COLORFIDELITYCONTROL_TEXT                CODE      
 004C08H 004C28H 00021H  GM_ADAPT_MODEDETECTION_TEXT              CODE      
 004C29H 004C29H 00000H  APPGLOBALVARIABLES_TEXT                  CODE      
 004C29H 0064EAH 018C2H  INIT_TEXT                                CODE      
 0064EBH 006667H 0017DH  MAIN_TEXT                                CODE      
 006668H 006668H 00000H  OSD_CMD_SRAM_TEXT                        CODE      
 006668H 00678FH 00128H  VERSION_TEXT                             CODE      
 006790H 006794H 00005H  LOADHDCPKEY_TEXT                         CODE      
 006795H 00689EH 0010AH  GM_INPUTCONFIG_TEXT                      CODE      
 00689FH 0068A3H 00005H  DIPMAPPING_TEXT                          CODE      
 0068A4H 0068A4H 00000H  PORTATTRIB_TEXT                          CODE      
 0068A4H 006BE3H 00340H  OSD_APPDEPENDENT_TEXT                    CODE      
 006BE4H 0073DDH 007FAH  BOARDCONTROL_TEXT                        CODE      
 0073DEH 0073DEH 00000H  AUTOSCANINPUT_TEXT                       CODE      
 0073DEH 007C6EH 00891H  PORTSELECTION_TEXT                       CODE      
 007C6FH 007C88H 0001AH  EXTERNALDEVICECONFIG_TEXT                CODE      
 007C89H 007C89H 00000H  MODE_TEXT                                CODE      
 007C89H 008B7CH 00EF4H  PANEL_TEXT                               CODE      
 008B7DH 00A405H 01889H  ADJ_COLORWRAP_TEXT                       CODE      
 00A406H 00A886H 00481H  ADJ_ACM3D_TEXT                           CODE      
 00A887H 00A8E1H 0005BH  ADJUSTOR_TEXT                            CODE      
 00A8E2H 00BE86H 015A5H  ADJ_DISPLAY_TEXT                         CODE      
 00BE87H 00DA1CH 01B96H  ADJ_INPUTCAPTURE_TEXT                    CODE      
 00DA1DH 00E00AH 005EEH  ADJ_ADCCALIBRATION_TEXT                  CODE      
 00E00BH 00E02CH 00022H  MULTI_PIP_TEXT                           CODE      
 00E02DH 00F507H 014DBH  SCALERDYNAMIC_TEXT                       CODE      
 00F508H 00F57FH 00078H  DITHER_TEXT                              CODE      
 00F580H 00FED6H 00957H  DUM_TEXT                                 CODE      
 00FED7H 010616H 00740H  OSD_ADJ_TEXT                             CODE      
 010617H 010797H 00181H  OSD_AUDIO_TEXT                           CODE      
 010798H 011383H 00BECH  OSD_DISPLAY_TEXT                         CODE      
 011384H 012153H 00DD0H  OSD_DRAW_TEXT                            CODE      
 012154H 013068H 00F15H  OSD_FACTORY_TEXT                         CODE      
 013069H 0135F2H 0058AH  OSD_INPUT_TEXT                           CODE      
 0135F3H 013F2CH 0093AH  OSD_INPUTCAPTURE_TEXT                    CODE      
 013F2DH 0148BFH 00993H  OSD_PIP_TEXT                             CODE      
 0148C0H 014FCEH 0070FH  OSD_PORTS_TEXT                           CODE      
 014FCFH 015248H 0027AH  OSD_TIMER_TEXT                           CODE      
 015249H 0156C6H 0047EH  OSD_UTIL_TEXT                            CODE      
 0156C7H 015A0EH 00348H  ACR_HANDLER_TEXT                         CODE      
 015A0FH 01691CH 00F0EH  VWD_TEXT                                 CODE      
 01691DH 016B95H 00279H  CABLEHANDLER_TEXT                        CODE      
 016B96H 016BE2H 0004DH  MULTIPIPHANDLER_TEXT                     CODE      
 016BE3H 016FB2H 003D0H  SHA1_TEXT                                CODE      
 016FB3H 016FB3H 00000H  I2CGPIOMASTER_TEXT                       CODE      
 016FB3H 01736EH 003BCH  MULTIDISPLAY_TEXT                        CODE      
 01736FH 01736FH 00000H  WDT_TEXT                                 CODE      
 01736FH 017B33H 007C5H  MEMORY_TEXT                              CODE      
 017B34H 017DEFH 002BCH  CVT_TEXT                                 CODE      
 017DF0H 0182C0H 004D1H  LETTERBOXHANDLER_TEXT                    CODE      
 0182C1H 018FF7H 00D37H  MODEPREFS_TEXT                           CODE      
 018FF8H 01AF45H 01F4EH  MODEDETERM_TEXT                          CODE      
 01AF46H 01BADFH 00B9AH  MODEHANDLER_TEXT                         CODE      
 01BAE0H 01BAE0H 00000H  WSSHANDLER_TEXT                          CODE      
 01BAE0H 01CC85H 011A6H  POWERHANDLER_TEXT                        CODE      
 01CC86H 01FC7CH 02FF7H  MODESETUP_TEXT                           CODE      
 01FC7DH 020015H 00399H  ADCKEYPAD_TEXT                           CODE      
 020016H 020BC4H 00BAFH  AUDPROC_TEXT                             CODE      
 020BC5H 020C83H 000BFH  FILMMODE_TEXT                            CODE      
 020C84H 020E71H 001EEH  IR_TEXT                                  CODE      
 020E72H 0211B5H 00344H  SCHEDULER_TEXT                           CODE      
 0211B6H 021280H 000CBH  TIMERS_TEXT                              CODE      
 021281H 021C0AH 0098AH  SDRAM_TEXT                               CODE      
 021C0BH 023281H 01677H  SMT_LBC_LCT_TEXT                         CODE      
 023282H 025C3AH 029B9H  SMT_GAMMACORRECTION_TEXT                 CODE      
 025C3BH 02B9AEH 05D74H  DDC2BI_TEXT                              CODE      
 02B9AFH 02BA26H 00078H  D_UART_TEXT                              CODE      
 02BA27H 02BE93H 0046DH  GPROBE_TEXT                              CODE      
 02BE94H 02C3EEH 0055BH  MSG_FWD_TEXT                             CODE      
 02C3EFH 02D3EFH 01001H  SMT_TEXT                                 CODE      
 02D3F0H 02D3F0H 00000H  SMTPORTMAPPING_TEXT                      CODE      
 02D3F0H 02EC64H 01875H  SMT_ACC3_TEXT                            CODE      
 02EC65H 02FB27H 00EC3H  SMT_ACM3_TEXT                            CODE      
 02FB28H 0304D3H 009ACH  SMT_AFM_TEXT                             CODE      
 0304D4H 0307ACH 002D9H  SMT_COLORCONTROL_TEXT                    CODE      
 0307ADH 030FCDH 00821H  SMT_CSC_TEXT                             CODE      
 030FCEH 031547H 0057AH  SMT_FILTERS_TEXT                         CODE      
 031548H 031DF2H 008ABH  SMT_MADI_TEXT                            CODE      
 031DF3H 032793H 009A1H  SMT_MASTER_TEXT                          CODE      
 032794H 032A1BH 00288H  SMT_MNR_TEXT                             CODE      
 032A1CH 03309AH 0067FH  SMT_MSGFWD_TEXT                          CODE      
 03309BH 034CE3H 01C49H  SMT_SHARPNESS_TEXT                       CODE      
 034CE4H 034CE4H 00000H  SMT_TNR_TEXT                             CODE      
 034CE4H 043476H 0E793H  CUSTOMAPP_TEXT                           CODE      
 043477H 043513H 0009DH  DRAWSELECTEDMOVEABLEBITMAP_TEXT          CODE      
 043514H 04372DH 0021AH  DRAWMOVEABLEBITMAPCONTROL_TEXT           CODE      
 04372EH 0437CAH 0009DH  DRAWMOVEABLEBITMAP_TEXT                  CODE      
 0437CBH 043867H 0009DH  DRAWDISABLEDDRAWMOVEABLEBITMAP_TEXT      CODE      
 043868H 043991H 0012AH  ERASEMOVEABLEBITMAP_TEXT                 CODE      
 043992H 043992H 00000H  DRAWVEKBITMAPSLIDERCONTROL_TEXT          CODE      
 043992H 043992H 00000H  DRAWVEKBITMAPBASESLIDER_TEXT             CODE      
 043992H 043992H 00000H  LPMHEX_TEXT                              CODE      
 043992H 04958BH 05BFAH  OSDFILES1_TEXT                           CODE      
 04958CH 04958CH 00000H  OSDFILES2_TEXT                           CODE      
 04958CH 04958CH 00000H  OSDFILES3_TEXT                           CODE      
 04958CH 0498C3H 00338H  TDA7491_TEXT                             CODE      
 0498C4H 04A332H 00A6FH  FLASHSPIPLUS_TEXT                        CODE      
 04A333H 04A333H 00000H  SOFT_I2C_TEXT                            CODE      
 04A333H 04A333H 00000H  ANX9021_TEXT                             CODE      
 04A333H 04A333H 00000H  IOEXPANDER_TEXT                          CODE      
 04A333H 04A8A1H 0056FH  _24LC32_TEXT                             CODE      
 04A8A2H 04A8A2H 00000H  SAA7119_TEXT                             CODE      
 04A8A2H 04A8A2H 00000H  VPC3230_TEXT                             CODE      
 04A8A2H 04A8A2H 00000H  VPX32XX_TEXT                             CODE      
 04A8A2H 04A8A2H 00000H  IMAGESCHEMES_TEXT                        CODE      
 04A8A2H 04AB36H 00295H  PORTSCHEMEDEPENDPREF_TEXT                CODE      
 04AB37H 04B713H 00BDDH  MODEDEPENDPREF_TEXT                      CODE      
 04B714H 04BEAFH 0079CH  USERPREF_TEXT                            CODE      
 04BEB0H 04BEB0H 00000H  VALIDATIONTESTS_TEXT                     CODE      
 04BEB0H 04BEB0H 00000H  DRAMTESTINITTABLE_TEXT                   CODE      
 04BEB0H 04BF28H 00079H  CALCULATE_CRC_TEXT                       CODE      
 04BF29H 04D6C9H 017A1H  DEBUGHANDLER_TEXT                        CODE      
 04D6CAH 04D6CAH 00000H  ISR_RS_SIGNALS_TRANSFER_TEXT             CODE      
 04D6CAH 04DCD7H 0060EH  EXTDDRSDRAM_TEXT                         CODE      
 04DCD8H 04DCD8H 00000H  FSB_OSD_VERIFICATION_PATTERN_TEXT        CODE      
 04DCD8H 04EFC1H 012EAH  FSB_OSD_VERIFICATION_TEXT                CODE      
 04EFC2H 04EFC2H 00000H  EXTOSDTEST_TEXT                          CODE      
 04EFC2H 05AF70H 0BFAFH  APPSTEST_TEXT                            CODE      
 05AF71H 05AF72H 00002H  GM_OSDSYSTEM_TEXT                        CODE      
 05AF73H 05AF73H 00000H  GM_SYSTEM_TEXT                           CODE      
 05AF73H 05AF8BH 00019H  GM_EXTERNALDEVICE_TEXT                   CODE      
 05AF8CH 05AFA2H 00017H  GM_AUTOPERIODICCALL_TEXT                 CODE      
 05AFA3H 05B6D6H 00734H  GM_MODESETUP_TEXT                        CODE      
 05B6D7H 05B858H 00182H  GM_DISPLAYENABLE_TEXT                    CODE      
 05B859H 05BADCH 00284H  GM_INPUTSETVPOSITION_TEXT                CODE      
 05BADDH 05BCBFH 001E3H  GM_INPUTSETHPOSITION_TEXT                CODE      
 05BCC0H 05C903H 00C44H  GM_CSCUPDATECOLORS_TEXT                  CODE      
 05C904H 05C904H 00000H  TNRTBL_TEXT                              CODE      
 05C904H 05C904H 00000H  ACCTBL_TEXT                              CODE      
 05C904H 05C904H 00000H  COLORSCHEMETBL_TEXT                      CODE      
 05C904H 05CAF8H 001F5H  GM_DISPLAYISR_TEXT                       CODE      
 05CAF9H 05CAF9H 00000H  GM_PANORAMICTBL_TEXT                     CODE      
 05CAF9H 05CDBDH 002C5H  GM_UPDATEACC_TEXT                        CODE      
 05CDBEH 05DDFCH 0103FH  GM_UPDATESHARPNESS_TEXT                  CODE      
 05DDFDH 05DF21H 00125H  GM_UPLOADSRAMBLOCK_TEXT                  CODE      
 05DF22H 05DF22H 00000H  NATUREACCTBL_TEXT                        CODE      
 05DF22H 05DF22H 00000H  SPORTSACCTBL_TEXT                        CODE      
 05DF22H 05DF22H 00000H  THEATERACCTBL_TEXT                       CODE      
 05DF22H 05DF22H 00000H  VIVIDACCTBL_TEXT                         CODE      
 05DF22H 05DF22H 00000H  DELLACCTBL_TEXT                          CODE      
 05DF22H 05DF22H 00000H  CECUSERCOMMANDSHANDLER_TEXT              CODE      
 05DF22H 05DF22H 00000H  CECIPCHANDLER_TEXT                       CODE      
 05DF22H 05DF22H 00000H  CECLIBREPLACE_TEXT                       CODE      
 05DF22H 05DF44H 00023H  CECHANDLER_TEXT                          CODE      
 05DF45H 05DF45H 00000H  CECPOWERHANDLER_TEXT                     CODE      
 05DF45H 05F16AH 01226H  SMARTISPMAIN_TEXT                        CODE      
 05F16BH 062329H 031BFH  HDMIAPP_TEXT                             CODE      
 06232AH 0624F6H 001CDH  HDCPAPP_TEXT                             CODE      
 0624F7H 062608H 00112H  GM_GETPORTATTR_TEXT                      CODE      
 062609H 06D2D1H 0ACC9H  DPRX                                     CODE      
 06D2D2H 0795BBH 0C2EAH  DPTX                                     CODE      
 0795BCH 087335H 0DD7AH  BU                                       CODE      
 087336H 08D6CFH 0639AH  DPRXLINKCDR                              CODE      
 08D6D0H 08EB6CH 0149DH  GMP_DRVINIT_TEXT                         CODE      
 08EB6DH 08EB6DH 00000H  RAMEXE_TEXT                              CODE      
 08EB6DH 08EDDDH 00271H  GM_INPUTREADIBD_TEXT                     CODE      
 08EDDEH 08F01EH 00241H  GM_REGACCESSMAPPER_TEXT                  CODE      
 08F01FH 08F01FH 00000H  GM_GLOBALVARIABLES_TEXT                  CODE      
 08F01FH 08F564H 00546H  GM_AUDIOAPI_TEXT                         CODE      
 08F565H 08F8A0H 0033CH  OTP_TEXT                                 CODE      
 08F8A1H 08F8D1H 00031H  GM_INPUTTIMINGTRANSITIONFROMSTABLE_TEXT  CODE      
 08F8D2H 08FE06H 00535H  GM_2WIRE_TEXT                            CODE      
 08FE07H 090337H 00531H  GM_MEMORYCODE_TEXT                       CODE      
 090338H 09034CH 00015H  GM_SETMAINCHANNEL_TEXT                   CODE      
 09034DH 090361H 00015H  GM_SETPIPCHANNEL_TEXT                    CODE      
 090362H 09039BH 0003AH  GM_DISPLAYSETSIZE_TEXT                   CODE      
 09039CH 0903D5H 0003AH  GM_DISPLAYSETPOSITION_TEXT               CODE      
 0903D6H 090816H 00441H  OVPCONTROL_TEXT                          CODE      
 090817H 090872H 0005CH  GM_COLORRESOURCEROUTING_TEXT             CODE      
 090873H 0915F6H 00D84H  GM_VIDEOPROCESS_TEXT                     CODE      
 0915F7H 0917E8H 001F2H  GM_HWINIT_TEXT                           CODE      
 0917E9H 092272H 00A8AH  GM_ADAPTIVEMADI_TEXT                     CODE      
 092273H 09231CH 000AAH  OSD_SM_MT_TEXT                           CODE      
 09231DH 092676H 0035AH  OSD_SM_TEXT                              CODE      
 092677H 092677H 00000H  GM_OSDGLOBALVARIABLES_TEXT               CODE      
 092677H 092734H 000BEH  GM_SETDISPLAYFREERUNMODE_TEXT            CODE      
 092735H 0927E9H 000B5H  ZDTLIB_TEXT                              CODE      
 0927EAH 092EC5H 006DCH  GM_LPM_IPC_TEXT                          CODE      
 092EC6H 094918H 01A53H  GM_ACC3_TEXT                             CODE      
 094919H 095268H 00950H  GM_MEMORYALLOCATE_TEXT                   CODE      
 095269H 0959D9H 00771H  GM_REGBLOCK_TEXT                         CODE      
 0959DAH 095B96H 001BDH  GM_BLENDERENABLE_TEXT                    CODE      
 095B97H 095BB3H 0001DH  GM_HARDWAREUPDATE_TEXT                   CODE      
 095BB4H 096A6DH 00EBAH  HDCPREPEATER                             CODE      
 096A6EH 096A81H 00014H  GM_OSDGETACTIONBYTEPARAMETER_TEXT        CODE      
 096A82H 096ABAH 00039H  GM_SYNCUPDATE_TEXT                       CODE      
 096ABBH 096B79H 000BFH  GM_SYNCUPDATEWAIT_TEXT                   CODE      
 096B7AH 096BB1H 00038H  GM_PIPBORDERENABLE_TEXT                  CODE      
 096BB2H 096BC4H 00013H  GM_SETGETVPULSEWIDTH_TEXT                CODE      
 096BC5H 096C96H 000D2H  GM_SETIFMCTRLBITFIELD_TEXT               CODE      
 096C97H 096F1AH 00284H  GM_SETMODEDETECT_TEXT                    CODE      
 096F1BH 096F3AH 00020H  SELECTDETECTIONSTRATEGY_TEXT             CODE      
 096F3BH 096F7FH 00045H  GM_SETSYNCTYPEORDER_TEXT                 CODE      
 096F80H 096FFCH 0007DH  GM_AUTOMUTE_TEXT                         CODE      
 096FFDH 09713FH 00143H  GM_INPUTSOURCEINFO_TEXT                  CODE      
 097140H 097AFDH 009BEH  GM_MODEDETECT_TEXT                       CODE      
 097AFEH 097B56H 00059H  GM_INPUTCONFIGPORT_TEXT                  CODE      
 097B57H 097F02H 003ACH  GM_DIPCONFIG_TEXT                        CODE      
 097F03H 0981E1H 002DFH  GM_AIPCONFIG_TEXT                        CODE      
 0981E2H 09820EH 0002DH  GM_AOCENABLE_TEXT                        CODE      
 09820FH 098329H 0011BH  GM_ADCSETGAINOFFSET_TEXT                 CODE      
 09832AH 098356H 0002DH  GM_READPRODUCTIDREG_TEXT                 CODE      
 098357H 09A0ACH 01D56H  GM_ACM3D_TEXT                            CODE      
 09A0ADH 09A164H 000B8H  GM_SETUPHTOTAL_TEXT                      CODE      
 09A165H 09A27BH 00117H  GM_INPUTWAITVSYNC_TEXT                   CODE      
 09A27CH 09A38BH 00110H  GM_INPUTCAPTUREFREEZE_TEXT               CODE      
 09A38CH 09A45EH 000D3H  GM_DISPLAYWAITBLANKING_TEXT              CODE      
 09A45FH 09A4BEH 00060H  GM_HIGHLIGHTBORDER_TEXT                  CODE      
 09A4BFH 09AD6EH 008B0H  GM_SCALERSETUP_TEXT                      CODE      
 09AD6FH 09AD85H 00017H  GM_PIPBORDERSETUP_TEXT                   CODE      
 09AD86H 09AF1BH 00196H  GM_DDSCLOSELOOP_TEXT                     CODE      
 09AF1CH 09B095H 0017AH  GM_DDSOPENLOOP_TEXT                      CODE      
 09B096H 09B160H 000CBH  GM_DDSWAITSTABLE_TEXT                    CODE      
 09B161H 09B1CBH 0006BH  GM_DDDSSETUP_TEXT                        CODE      
 09B1CCH 09B3BDH 001F2H  GM_DFLLOCK_TEXT                          CODE      
 09B3BEH 09B5D0H 00213H  GM_SCALERSETPANORAMIC_TEXT               CODE      
 09B5D1H 09B630H 00060H  GM_PIPSETMODE_TEXT                       CODE      
 09B631H 09B72FH 000FFH  GM_ADCGETGAINOFFSET_TEXT                 CODE      
 09B730H 09C9EEH 012BFH  GM_AUTOCOLORBALANCE_TEXT                 CODE      
 09C9EFH 09CA64H 00076H  GM_DISPLAYWAITSYNC_TEXT                  CODE      
 09CA65H 09CC09H 001A5H  GM_SCALERDYNAMIC_TEXT                    CODE      
 09CC0AH 09CDC5H 001BCH  GM_AFMSETUP_TEXT                         CODE      
 09CDC6H 09CDD0H 0000BH  GM_SETOSDLANGUAGE_TEXT                   CODE      
 09CDD1H 09DA54H 00C84H  CUSTOM_4K2K_TEXT                         CODE      
 09DA55H 09DA86H 00032H  GM_FORCEUPDATE_TEXT                      CODE      
 09DA87H 09DAABH 00025H  GM_INPUTTIMINGISSTABLE_TEXT              CODE      
 09DAACH 09DABDH 00012H  GM_GETADJUSTER_TEXT                      CODE      
 09DABEH 09DAC5H 00008H  DECOMPRESSWRAPPER_TEXT                   CODE      
 09DAC6H 09DBE8H 00123H  CALCULATEALIGNMENTOFFSET_TEXT            CODE      
 09DBE9H 09DD14H 0012CH  DRAWROTATEDTEXT_TEXT                     CODE      
 09DD15H 09DF6BH 00257H  PARSEDRAWPROPERTIES_TEXT                 CODE      
 09DF6CH 09DFDEH 00073H  GM_ENHANCERENABLE_TEXT                   CODE      
 09DFDFH 09E17DH 0019FH  GM_LOADVLUTTABLE_TEXT                    CODE      
 09E17EH 09E31CH 0019FH  GM_LOADIMPVLUTTABLE_TEXT                 CODE      
 09E31DH 09E35EH 00042H  GM_UPDATECOLORSCHEME_TEXT                CODE      
 09E35FH 09E8C6H 00568H  GM_UPDATEOVERDRIVE_TEXT                  CODE      
 09E8C7H 09E90FH 00049H  GM_UPDATEMPEGNR_TEXT                     CODE      
 09E910H 09F2BAH 009ABH  GM_OSDEVENTHANDLERSM4_TEXT               CODE      
 09F2BBH 09F2CCH 00012H  GM_GETPOSTEDEVENT_TEXT                   CODE      
 09F2CDH 09F339H 0006DH  GM_INPUTSETCAPTUREWINDOW_TEXT            CODE      
 09F33AH 09F35AH 00021H  GM_SDDSSETPHASE_TEXT                     CODE      
 09F35BH 09F3CCH 00072H  GM_WAITFORINPUTBLANKING_TEXT             CODE      
 09F3CDH 09F401H 00035H  GM_BLENDERSETLEVEL_TEXT                  CODE      
 09F402H 09F5D5H 001D4H  OSD_TEXT                                 CODE      
 09F5D6H 09F5E3H 0000EH  GM_GETADJUSTERMIN_TEXT                   CODE      
 09F5E4H 09F5F1H 0000EH  GM_GETADJUSTERMAX_TEXT                   CODE      
 09F5F2H 09F605H 00014H  GM_OSDGETACTIONTRIPLEBYTEPARAMETER_TEXT  CODE      
 09F606H 09F612H 0000DH  GM_POSTEVENT_TEXT                        CODE      
 09F613H 09F638H 00026H  REVERSETILESET_TEXT                      CODE      
 09F639H 0A1F87H 0294FH  PIXCRMAIN_TEXT                           CODE      
 0A1F88H 0A1FB5H 0002EH  GM_ISAFRSET_TEXT                         CODE      
 0A1FB6H 0A20F6H 00141H  GM_CSCSETVIDEOWINDOW_TEXT                CODE      
 0A20F7H 0A958DH 07497H  PIXCRCOARSE_TEXT                         CODE      
 0A958EH 0A975FH 001D2H  GM_MEMORYSETUP_TEXT                      CODE      
 0A9760H 0AA095H 00936H  GM_MEMORYINFO_TEXT                       CODE      
 0AA096H 0AA270H 001DBH  GM_LETTERBOX_TEXT                        CODE      
 0AA271H 0AA394H 00124H  GM_READIFMTIMING_TEXT                    CODE      
 0AA395H 0AA3C0H 0002CH  GM_SETUPIFMCHANGE_TEXT                   CODE      
 0AA3C1H 0AA3F1H 00031H  GM_INPUTTIMINGTRANSITIONTOSTABLE_TEXT    CODE      
 0AA3F2H 0AA62BH 0023AH  GM_POWERUPALL_TEXT                       CODE      
 0AA62CH 0AAB0FH 004E4H  GM_POWERDOWNALL_TEXT                     CODE      
 0AAB10H 0AAB99H 0008AH  GM_ASESETSYNCSLICELEVEL_TEXT             CODE      
 0AAB9AH 0AADEFH 00256H  GM_MEMORYSIZEADJUST_TEXT                 CODE      
 0AADF0H 0AB005H 00216H  GM_MEMORYFIFO_TEXT                       CODE      
 0AB006H 0AB09BH 00096H  GM_DISPLAYFORCEBKGND_TEXT                CODE      
 0AB09CH 0AB0DDH 00042H  GM_DISPLAYCOLORWINDOWSETUP_TEXT          CODE      
 0AB0DEH 0AB5EFH 00512H  GM_SCALERSETUPTWOSTAGE_TEXT              CODE      
 0AB5F0H 0AB62FH 00040H  GM_BLENDERSETPRIORITY_TEXT               CODE      
 0AB630H 0AB8C0H 00291H  GM_SDDSSETUP_TEXT                        CODE      
 0AB8C1H 0ADCB5H 023F5H  GM_AUTOGEOMETRY_IA3_COMMON_TEXT          CODE      
 0ADCB6H 0ADEB8H 00203H  GM_AUTOPOSITION_D_TEXT                   CODE      
 0ADEB9H 0ADED1H 00019H  GM_AFRRESTART_TEXT                       CODE      
 0ADED2H 0AE09EH 001CDH  GM_MAININPUTISR_TEXT                     CODE      
 0AE09FH 0AEBFBH 00B5DH  GM_AIPSETUP_TEXT                         CODE      
 0AEBFCH 0AF833H 00C38H  GM_CLKSELECT_TEXT                        CODE      
 0AF834H 0AF8A6H 00073H  GM_SETAFRCONTROL_TEXT                    CODE      
 0AF8A7H 0AF9EDH 00147H  GM_STATICIMAGEHANDLER_TEXT               CODE      
 0AF9EEH 0AFCF2H 00305H  GM_CLKENABLE_TEXT                        CODE      
 0AFCF3H 0AFD05H 00013H  GM_SETADJUSTERVALUE_TEXT                 CODE      
 0AFD06H 0AFE6AH 00165H  GM_UPDATEMADI_TEXT                       CODE      
 0AFE6BH 0AFED8H 0006EH  GM_SCANADCKEY_TEXT                       CODE      
 0AFED9H 0B000BH 00133H  NUMBERTOGLYPHS_TEXT                      CODE      
 0B000CH 0B0084H 00079H  ERASECONTROL_TEXT                        CODE      
 0B0085H 0B0190H 0010CH  SETACTIVEDIALOG_TEXT                     CODE      
 0B0191H 0B0DCFH 00C3FH  GM_AUDIOINTERNALDAC_TEXT                 CODE      
 0B0DD0H 0B139CH 005CDH  GM_AUDIOUSERDATA_TEXT                    CODE      
 0B139DH 0B1521H 00185H  GM_OSDDRAWBITMAPSTRIPE_TEXT              CODE      
 0B1522H 0B1540H 0001FH  GM_INCADJUSTER_TEXT                      CODE      
 0B1541H 0B155FH 0001FH  GM_DECADJUSTER_TEXT                      CODE      
 0B1560H 0B157CH 0001DH  GM_SETADJUSTER_TEXT                      CODE      
 0B157DH 0B15ACH 00030H  GM_DECSTATE_TEXT                         CODE      
 0B15ADH 0B15DCH 00030H  GM_INCSTATE_TEXT                         CODE      
 0B15DDH 0B164CH 00070H  GM_GOTOSTATE_TEXT                        CODE      
 0B164DH 0B1674H 00028H  GM_SAVESTATE_TEXT                        CODE      
 0B1675H 0B169CH 00028H  GM_RESTORESTATE_TEXT                     CODE      
 0B169DH 0B16B4H 00018H  GM_SETOSDROTATION_TEXT                   CODE      
 0B16B5H 0B1708H 00054H  LOADCOLORSINVISIBLESTATE_TEXT            CODE      
 0B1709H 0B175DH 00055H  LOADCOLORSDIALOG_TEXT                    CODE      
 0B175EH 0B17A3H 00046H  DEALLOCATETILE_TEXT                      CODE      
 0B17A4H 0B17CDH 0002AH  ENABLETILE_TEXT                          CODE      
 0B17CEH 0B17DAH 0000DH  DRAWBITMAP_TEXT                          CODE      
 0B17DBH 0B17E7H 0000DH  DRAWSELECTEDBITMAP_TEXT                  CODE      
 0B17E8H 0B17F4H 0000DH  DRAWDISABLEDBITMAP_TEXT                  CODE      
 0B17F5H 0B184CH 00058H  ERASEBITMAP_TEXT                         CODE      
 0B184DH 0B1859H 0000DH  DRAWRECTANGLE_TEXT                       CODE      
 0B185AH 0B186AH 00011H  DRAWLONGVALUE_TEXT                       CODE      
 0B186BH 0B187BH 00011H  DRAWSELECTEDLONGVALUE_TEXT               CODE      
 0B187CH 0B188CH 00011H  UPDATELONGVALUE_TEXT                     CODE      
 0B188DH 0B189DH 00011H  UPDATESELECTEDLONGVALUE_TEXT             CODE      
 0B189EH 0B18AEH 00011H  DRAWSLIDER_TEXT                          CODE      
 0B18AFH 0B18BFH 00011H  DRAWSELECTEDSLIDER_TEXT                  CODE      
 0B18C0H 0B18D0H 00011H  UPDATESLIDER_TEXT                        CODE      
 0B18D1H 0B18E1H 00011H  UPDATESELECTEDSLIDER_TEXT                CODE      
 0B18E2H 0B18F2H 00011H  DRAWTEXT_TEXT                            CODE      
 0B18F3H 0B1903H 00011H  DRAWSELECTEDTEXT_TEXT                    CODE      
 0B1904H 0B1914H 00011H  DRAWDISABLEDTEXT_TEXT                    CODE      
 0B1915H 0B1A3AH 00126H  GM_DDSGETFREQ_TEXT                       CODE      
 0B1A3BH 0B1D1CH 002E2H  GM_DDSSETINITFREQ_TEXT                   CODE      
 0B1D1DH 0B3E06H 020EAH  SMARTISPLIB_TEXT                         CODE      
 0B3E07H 0B5531H 0172BH  GM_AUDIODEBUG_TEXT                       CODE      
 0B5532H 0B554AH 00019H  GM_AIPHDGFXPATHENABLE_TEXT               CODE      
 0B554BH 0B555CH 00012H  GM_VALIDATEPHYCH_TEXT                    CODE      
 0B555DH 0B55CBH 0006FH  GM_CSCSINCOS_TEXT                        CODE      
 0B55CCH 0B62FBH 00D30H  GM_AUDIOINTERRUPT_TEXT                   CODE      
 0B62FCH 0B63F8H 000FDH  GM_LOADVFCOEFFTABLE_TEXT                 CODE      
 0B63F9H 0B854CH 02154H  GM_AUDIOCLOCK_TEXT                       CODE      
 0B854DH 0B9FFBH 01AAFH  HDMIRX_API_TEXT                          CODE      
 0B9FFCH 0BB24DH 01252H  GM_AUDIOPORTHANDLER_TEXT                 CODE      
 0BB24EH 0BC55BH 0130EH  GM_AUDIOPROPERTYHANDLER_TEXT             CODE      
 0BC55CH 0BC963H 00408H  GM_AUDIOSYNCHANDLER_TEXT                 CODE      
 0BC964H 0BD444H 00AE1H  GM_AUDIOMUTE_TEXT                        CODE      
 0BD445H 0BE512H 010CEH  GM_AUDIOSETUP_TEXT                       CODE      
 0BE513H 0BE981H 0046FH  GM_AUDIOAVS_TEXT                         CODE      
 0BE982H 0BEC27H 002A6H  GM_AUDIOSOURCEEVENTHANDLER_TEXT          CODE      
 0BEC28H 0BEEF3H 002CCH  GM_UPDATESHARPNOISE_TEXT                 CODE      
 0BEEF4H 0BF017H 00124H  GM_SETFILMMODE_TEXT                      CODE      
 0BF018H 0BF25FH 00248H  GM_UPDATETNR_TEXT                        CODE      
 0BF260H 0BF4DFH 00280H  GM_CLKINVERSE_TEXT                       CODE      
 0BF4E0H 0BF4FBH 0001CH  GM_SETSRCFREERUNMODE_TEXT                CODE      
 0BF4FCH 0BF5B9H 000BEH  GM_ADCAUTOCALIBRATELINEARITY_TEXT        CODE      
 0BF5BAH 0BF68CH 000D3H  GM_PIPINPUTISR_TEXT                      CODE      
 0BF68DH 0BFDB5H 00729H  GM_WSSHANDLER_TEXT                       CODE      
 0BFDB6H 0BFDE1H 0002CH  GM_SETUPIFMCTRL_TEXT                     CODE      
 0BFDE2H 0BFE0DH 0002CH  GM_SETUPIFMHLINE_TEXT                    CODE      
 0BFE0EH 0BFE39H 0002CH  GM_SETUPIFMWATCHDOG_TEXT                 CODE      
 0BFE3AH 0C02E2H 004A9H  GM_ENABLESYNCTYPE_TEXT                   CODE      
 0C02E3H 0C03B5H 000D3H  CHANNELPORTRESOURCE_TEXT                 CODE      
 0C03B6H 0C04F6H 00141H  GM_DVIPCONFIG_TEXT                       CODE      
 0C04F7H 0C0695H 0019FH  GM_DPRXPCONFIG_TEXT                      CODE      
 0C0696H 0C06E0H 0004BH  GM_SETCHANNELSOURCE_TEXT                 CODE      
 0C06E1H 0C072FH 0004FH  GM_AIPUPDATEAFEREGISTERS__TEXT           CODE      
 0C0730H 0C07C4H 00095H  GM_ADCREGACCESS_TEXT                     CODE      
 0C07C5H 0C07F1H 0002DH  GM_HIGHLIGHTWINDOWSETUP_TEXT             CODE      
 0C07F2H 0C082CH 0003BH  GM_HIGHLIGHTWINDOWSETSIZE_TEXT           CODE      
 0C082DH 0C083DH 00011H  GM_HIGHLIGHTWINDOWSETPOSITION_TEXT       CODE      
 0C083EH 0C0936H 000F9H  GM_ADCCALIBRATEINIT_TEXT                 CODE      
 0C0937H 0C10E7H 007B1H  OSD_AE_TEXT                              CODE      
 0C10E8H 0C1171H 0008AH  GETCONTROLPARAMS_TEXT                    CODE      
 0C1172H 0C1257H 000E6H  LOADCOLORFRAGMENTS_TEXT                  CODE      
 0C1258H 0C136DH 00116H  TILEHIGHLIGHT_TEXT                       CODE      
 0C136EH 0C13A0H 00033H  OSD_ACTION_TEXT                          CODE      
 0C13A1H 0C157DH 001DDH  PIXELCRUNCH_TEXT                         CODE      
 0C157EH 0C4DAFH 03832H  PIXCRFINE_TEXT                           CODE      
 0C4DB0H 0C4E9BH 000ECH  GM_CSCSETVIDEOWINDOWSIZE_TEXT            CODE      
 0C4E9CH 0C5187H 002ECH  PIXCRCOARSECFG_TEXT                      CODE      
 0C5188H 0C51ADH 00026H  GM_SDDSSETHTOTAL_TEXT                    CODE      
 0C51AEH 0C55EEH 00441H  GMP_WIDTHHTOTAL_WID_TEXT                 CODE      
 0C55EFH 0C55F9H 0000BH  GM_AIPSETPHASESKEW_TEXT                  CODE      
 0C55FAH 0C560CH 00013H  GM_AIPPROGRAMCOAST_TEXT                  CODE      
 0C560DH 0C561FH 00013H  GM_AIPPROGRAMHCLAMP_TEXT                 CODE      
 0C5620H 0C5632H 00013H  GM_AIPPROGRAMVCLAMP_TEXT                 CODE      
 0C5633H 0C565FH 0002DH  GM_OSDLOADCLUT_TEXT                      CODE      
 0C5660H 0C57F1H 00192H  DRAWBITMAPCONTROL_TEXT                   CODE      
 0C57F2H 0C596CH 0017BH  DRAWRECTANGLECONTROL_TEXT                CODE      
 0C596DH 0C5BEDH 00281H  DRAWLONGVALUECONTROL_TEXT                CODE      
 0C5BEEH 0C5D67H 0017AH  DRAWSLIDERCONTROL_TEXT                   CODE      
 0C5D68H 0C5F06H 0019FH  UPDATESLIDERCONTROL_TEXT                 CODE      
 0C5F07H 0C611FH 00219H  DRAWTEXTCONTROL_TEXT                     CODE      
 0C6120H 0C8429H 0230AH  HDMIRX_COMBOPHY_TEXT                     CODE      
 0C842AH 0C8885H 0045CH  HDMIRX_DRV_TEXT                          CODE      
 0C8886H 0C99E3H 0115EH  HDMIRX_SYS_TEXT                          CODE      
 0C99E4H 0CA638H 00C55H  HDMIRX_EVENT_TEXT                        CODE      
 0CA639H 0CAC07H 005CFH  HDMIRX_VIDEO_TEXT                        CODE      
 0CAC08H 0CCAD4H 01ECDH  HDMIRX_AUDIO_TEXT                        CODE      
 0CCAD5H 0CD34CH 00878H  HDMIRX_REPEATER_TEXT                     CODE      
 0CD34DH 0CD3E5H 00099H  HDMIRX_CLKGEN_TEXT                       CODE      
 0CD3E6H 0CE1E0H 00DFBH  GM_AUDIOINPUT_TEXT                       CODE      
 0CE1E1H 0CECE4H 00B04H  GM_AUDIOOUTPUT_TEXT                      CODE      
 0CECE5H 0CEDD9H 000F5H  GM_VDDSSETUP_TEXT                        CODE      
 0CEDDAH 0CF04DH 00274H  GM_ADCAUTOCALIBRATEOFFSET1_TEXT          CODE      
 0CF04EH 0CF067H 0001AH  GM_OSDGETACTIONWORDPARAMETER_TEXT        CODE      
 0CF068H 0CF080H 00019H  GM_OSDLOADCLUT2_TEXT                     CODE      
 0CF081H 0CF190H 00110H  PIXCRFINECFG_TEXT                        CODE      
 0CF191H 0CF4C2H 00332H  DRAWROTATEDSLIDER_TEXT                   CODE      
 0CF4C3H 0CF5B9H 000F7H  PARSECOLORMAPPING_TEXT                   CODE      
 0CF5BAH 0CF6E3H 0012AH  DRAWROTATEDVTEXT_TEXT                    CODE      
 0CF6E4H 0D09CBH 012E8H  HDMIRX_IFM_TEXT                          CODE      
 0D09CCH 0D247CH 01AB1H  HDMIRX_PACKET_TEXT                       CODE      
 0D247DH 0D4067H 01BEBH  HDMIRX_MEAS_TEXT                         CODE      
 0D4068H 0D538FH 01328H  HDMIRX_CORE_TEXT                         CODE      
 0D5390H 0D5763H 003D4H  HDMIRX_HDCP_TEXT                         CODE      
 0D5764H 0D7CC5H 02562H  HDMIRX_CPHYEQUALIZER_TEXT                CODE      
 0D7CC6H 0D7D1CH 00057H  GM_ADCPOWERUP_TEXT                       CODE      
 0D7E00H 0D7E00H 00000H  _RD                                      ROMDATA   
 0D7E00H 0D7EFFH 00100H  _ERD                                     ENDROMDATA
 0D7F00H 0D7F00H 00000H  _FAR_CONST                               FAR_CONST 
 0D7F00H 0D7FFFH 00100H  DPRXEDID5_CONST                          FAR_CONST 
 0D8000H 0D8135H 00136H  DPBRAPP5_CONST                           FAR_CONST 
 0D8140H 0D8C75H 00B36H  PREDEFINEDGAMMALUT5_CONST                FAR_CONST 
 0D8C80H 0D8CCFH 00050H  INIT5_CONST                              FAR_CONST 
 0D8CD0H 0D8CE3H 00014H  VERSION5_CONST                           FAR_CONST 
 0D8CF0H 0D8D07H 00018H  VERSION6_CONST                           FAR_CONST 
 0D8D10H 0D8F0DH 001FEH  GM_INPUTCONFIG5_CONST                    FAR_CONST 
 0D8F10H 0D8F1FH 00010H  PORTATTRIB5_CONST                        FAR_CONST 
 0D8F20H 0D8F27H 00008H  PORTATTRIB6_CONST                        FAR_CONST 
 0D8F30H 0D8F3BH 0000CH  PORTATTRIB7_CONST                        FAR_CONST 
 0D8F40H 0D8F4FH 00010H  PORTATTRIB8_CONST                        FAR_CONST 
 0D8F50H 0D8F5BH 0000CH  PORTATTRIB9_CONST                        FAR_CONST 
 0D8F60H 0D8F6BH 0000CH  PORTATTRIB10_CONST                       FAR_CONST 
 0D8F70H 0D8F73H 00004H  PORTATTRIB11_CONST                       FAR_CONST 
 0D8F80H 0D8F83H 00004H  PORTATTRIB12_CONST                       FAR_CONST 
 0D8F90H 0D8F93H 00004H  PORTATTRIB13_CONST                       FAR_CONST 
 0D8FA0H 0D92D3H 00334H  PORTATTRIB14_CONST                       FAR_CONST 
 0D92E0H 0D95EFH 00310H  MODE5_CONST                              FAR_CONST 
 0D95F0H 0D9B83H 00594H  MODE6_CONST                              FAR_CONST 
 0D9B90H 0DA097H 00508H  MODE7_CONST                              FAR_CONST 
 0DA0A0H 0DA33FH 002A0H  MODE8_CONST                              FAR_CONST 
 0DA340H 0DA4CBH 0018CH  MODE9_CONST                              FAR_CONST 
 0DA4D0H 0DA711H 00242H  PANEL5_CONST                             FAR_CONST 
 0DA720H 0DA961H 00242H  PANEL6_CONST                             FAR_CONST 
 0DA970H 0DABB1H 00242H  PANEL7_CONST                             FAR_CONST 
 0DABC0H 0DABCFH 00010H  PANEL8_CONST                             FAR_CONST 
 0DABD0H 0DABD3H 00004H  PANEL9_CONST                             FAR_CONST 
 0DABE0H 0DAC46H 00067H  PANEL10_CONST                            FAR_CONST 
 0DAC50H 0DAE91H 00242H  PANEL11_CONST                            FAR_CONST 
 0DAEA0H 0DB0E1H 00242H  PANEL12_CONST                            FAR_CONST 
 0DB0F0H 0DB331H 00242H  PANEL13_CONST                            FAR_CONST 
 0DB340H 0DB34FH 00010H  PANEL14_CONST                            FAR_CONST 
 0DB350H 0DB353H 00004H  PANEL15_CONST                            FAR_CONST 
 0DB360H 0DB3C6H 00067H  PANEL16_CONST                            FAR_CONST 
 0DB3D0H 0DB611H 00242H  PANEL17_CONST                            FAR_CONST 
 0DB620H 0DB861H 00242H  PANEL18_CONST                            FAR_CONST 
 0DB870H 0DBAB1H 00242H  PANEL19_CONST                            FAR_CONST 
 0DBAC0H 0DBACFH 00010H  PANEL20_CONST                            FAR_CONST 
 0DBAD0H 0DBAD3H 00004H  PANEL21_CONST                            FAR_CONST 
 0DBAE0H 0DBB46H 00067H  PANEL22_CONST                            FAR_CONST 
 0DBB50H 0DBD91H 00242H  PANEL23_CONST                            FAR_CONST 
 0DBDA0H 0DBFE1H 00242H  PANEL24_CONST                            FAR_CONST 
 0DBFF0H 0DC231H 00242H  PANEL25_CONST                            FAR_CONST 
 0DC240H 0DC24FH 00010H  PANEL26_CONST                            FAR_CONST 
 0DC250H 0DC253H 00004H  PANEL27_CONST                            FAR_CONST 
 0DC260H 0DC2C8H 00069H  PANEL28_CONST                            FAR_CONST 
 0DC2D0H 0DC511H 00242H  PANEL29_CONST                            FAR_CONST 
 0DC520H 0DC761H 00242H  PANEL30_CONST                            FAR_CONST 
 0DC770H 0DC9B1H 00242H  PANEL31_CONST                            FAR_CONST 
 0DC9C0H 0DC9CFH 00010H  PANEL32_CONST                            FAR_CONST 
 0DC9D0H 0E00FFH 03730H  PANEL33_CONST                            FAR_CONST 
 0E0100H 0E010BH 0000CH  PANEL34_CONST                            FAR_CONST 
 0E0110H 0E0178H 00069H  PANEL35_CONST                            FAR_CONST 
 0E0180H 0E03C1H 00242H  PANEL36_CONST                            FAR_CONST 
 0E03D0H 0E0611H 00242H  PANEL37_CONST                            FAR_CONST 
 0E0620H 0E0861H 00242H  PANEL38_CONST                            FAR_CONST 
 0E0870H 0E087FH 00010H  PANEL39_CONST                            FAR_CONST 
 0E0880H 0E0883H 00004H  PANEL40_CONST                            FAR_CONST 
 0E0890H 0E08F8H 00069H  PANEL41_CONST                            FAR_CONST 
 0E0900H 0E091FH 00020H  PANEL42_CONST                            FAR_CONST 
 0E0920H 0E0943H 00024H  ADJ_COLORWRAP5_CONST                     FAR_CONST 
 0E0950H 0E095BH 0000CH  ADJ_DISPLAY5_CONST                       FAR_CONST 
 0E0960H 0E09DFH 00080H  ADJ_INPUTCAPTURE5_CONST                  FAR_CONST 
 0E09E0H 0E0ADFH 00100H  DITHER5_CONST                            FAR_CONST 
 0E0AE0H 0E0BDFH 00100H  DITHER6_CONST                            FAR_CONST 
 0E0BE0H 0E4CA7H 040C8H  DUM5_CONST                               FAR_CONST 
 0E4CB0H 0E4D09H 0005AH  OSD_DISPLAY5_CONST                       FAR_CONST 
 0E4D10H 0E4D2BH 0001CH  OSD_FACTORY5_CONST                       FAR_CONST 
 0E4D30H 0E4DFFH 000D0H  OSD_INPUT5_CONST                         FAR_CONST 
 0E4E00H 0E4E23H 00024H  SHA15_CONST                              FAR_CONST 
 0E4E30H 0E4EA7H 00078H  MEMORY5_CONST                            FAR_CONST 
 0E4EB0H 0E4EB9H 0000AH  CVT5_CONST                               FAR_CONST 
 0E4EC0H 0E4EF8H 00039H  MODESETUP5_CONST                         FAR_CONST 
 0E4F00H 0E4F3AH 0003BH  IR5_CONST                                FAR_CONST 
 0E4F40H 0E4F43H 00004H  IR6_CONST                                FAR_CONST 
 0E4F50H 0E4F97H 00048H  IR7_CONST                                FAR_CONST 
 0E4FA0H 0E4FB7H 00018H  SCHEDULER5_CONST                         FAR_CONST 
 0E4FC0H 0E50DFH 00120H  SDRAM5_CONST                             FAR_CONST 
 0E50E0H 0E50E1H 00002H  DDC2BI5_CONST                            FAR_CONST 
 0E50F0H 0E521FH 00130H  DDC2BI6_CONST                            FAR_CONST 
 0E5220H 0E5347H 00128H  DDC2BI7_CONST                            FAR_CONST 
 0E5350H 0E5353H 00004H  DDC2BI8_CONST                            FAR_CONST 
 0E5360H 0E5363H 00004H  DDC2BI9_CONST                            FAR_CONST 
 0E5370H 0E5373H 00004H  DDC2BI10_CONST                           FAR_CONST 
 0E5380H 0E5383H 00004H  DDC2BI11_CONST                           FAR_CONST 
 0E5390H 0E5393H 00004H  DDC2BI12_CONST                           FAR_CONST 
 0E53A0H 0E53A3H 00004H  DDC2BI13_CONST                           FAR_CONST 
 0E53B0H 0E53B3H 00004H  DDC2BI14_CONST                           FAR_CONST 
 0E53C0H 0E53C3H 00004H  DDC2BI15_CONST                           FAR_CONST 
 0E53D0H 0E53D3H 00004H  DDC2BI16_CONST                           FAR_CONST 
 0E53E0H 0E53E3H 00004H  DDC2BI17_CONST                           FAR_CONST 
 0E53F0H 0E53F3H 00004H  DDC2BI18_CONST                           FAR_CONST 
 0E5400H 0E5403H 00004H  DDC2BI19_CONST                           FAR_CONST 
 0E5410H 0E5413H 00004H  DDC2BI20_CONST                           FAR_CONST 
 0E5420H 0E5423H 00004H  DDC2BI21_CONST                           FAR_CONST 
 0E5430H 0E5433H 00004H  DDC2BI22_CONST                           FAR_CONST 
 0E5440H 0E5443H 00004H  DDC2BI23_CONST                           FAR_CONST 
 0E5450H 0E5453H 00004H  DDC2BI24_CONST                           FAR_CONST 
 0E5460H 0E5463H 00004H  DDC2BI25_CONST                           FAR_CONST 
 0E5470H 0E5473H 00004H  DDC2BI26_CONST                           FAR_CONST 
 0E5480H 0E5483H 00004H  DDC2BI27_CONST                           FAR_CONST 
 0E5490H 0E5493H 00004H  DDC2BI28_CONST                           FAR_CONST 
 0E54A0H 0E54A3H 00004H  DDC2BI29_CONST                           FAR_CONST 
 0E54B0H 0E54B3H 00004H  DDC2BI30_CONST                           FAR_CONST 
 0E54C0H 0E54C3H 00004H  DDC2BI31_CONST                           FAR_CONST 
 0E54D0H 0E54D3H 00004H  DDC2BI32_CONST                           FAR_CONST 
 0E54E0H 0E54E3H 00004H  DDC2BI33_CONST                           FAR_CONST 
 0E54F0H 0E54F3H 00004H  DDC2BI34_CONST                           FAR_CONST 
 0E5500H 0E5503H 00004H  DDC2BI35_CONST                           FAR_CONST 
 0E5510H 0E5513H 00004H  DDC2BI36_CONST                           FAR_CONST 
 0E5520H 0E5523H 00004H  DDC2BI37_CONST                           FAR_CONST 
 0E5530H 0E5533H 00004H  DDC2BI38_CONST                           FAR_CONST 
 0E5540H 0E5543H 00004H  DDC2BI39_CONST                           FAR_CONST 
 0E5550H 0E5553H 00004H  DDC2BI40_CONST                           FAR_CONST 
 0E5560H 0E5563H 00004H  DDC2BI41_CONST                           FAR_CONST 
 0E5570H 0E5573H 00004H  DDC2BI42_CONST                           FAR_CONST 
 0E5580H 0E5583H 00004H  DDC2BI43_CONST                           FAR_CONST 
 0E5590H 0E5593H 00004H  DDC2BI44_CONST                           FAR_CONST 
 0E55A0H 0E55A3H 00004H  DDC2BI45_CONST                           FAR_CONST 
 0E55B0H 0E55B3H 00004H  DDC2BI46_CONST                           FAR_CONST 
 0E55C0H 0E55C3H 00004H  DDC2BI47_CONST                           FAR_CONST 
 0E55D0H 0E55D3H 00004H  DDC2BI48_CONST                           FAR_CONST 
 0E55E0H 0E55E3H 00004H  DDC2BI49_CONST                           FAR_CONST 
 0E55F0H 0E55F3H 00004H  DDC2BI50_CONST                           FAR_CONST 
 0E5600H 0E5603H 00004H  DDC2BI51_CONST                           FAR_CONST 
 0E5610H 0E5613H 00004H  DDC2BI52_CONST                           FAR_CONST 
 0E5620H 0E5623H 00004H  DDC2BI53_CONST                           FAR_CONST 
 0E5630H 0E5634H 00005H  DDC2BI54_CONST                           FAR_CONST 
 0E5640H 0E5644H 00005H  DDC2BI55_CONST                           FAR_CONST 
 0E5650H 0E5653H 00004H  DDC2BI56_CONST                           FAR_CONST 
 0E5660H 0E5663H 00004H  DDC2BI57_CONST                           FAR_CONST 
 0E5670H 0E5673H 00004H  DDC2BI58_CONST                           FAR_CONST 
 0E5680H 0E5683H 00004H  DDC2BI59_CONST                           FAR_CONST 
 0E5690H 0E5693H 00004H  DDC2BI60_CONST                           FAR_CONST 
 0E56A0H 0E56A3H 00004H  DDC2BI61_CONST                           FAR_CONST 
 0E56B0H 0E56B3H 00004H  DDC2BI62_CONST                           FAR_CONST 
 0E56C0H 0E56C3H 00004H  DDC2BI63_CONST                           FAR_CONST 
 0E56D0H 0E56D3H 00004H  DDC2BI64_CONST                           FAR_CONST 
 0E56E0H 0E56E3H 00004H  DDC2BI65_CONST                           FAR_CONST 
 0E56F0H 0E56F3H 00004H  DDC2BI66_CONST                           FAR_CONST 
 0E5700H 0E5703H 00004H  DDC2BI67_CONST                           FAR_CONST 
 0E5710H 0E5713H 00004H  DDC2BI68_CONST                           FAR_CONST 
 0E5720H 0E5723H 00004H  DDC2BI69_CONST                           FAR_CONST 
 0E5730H 0E5733H 00004H  DDC2BI70_CONST                           FAR_CONST 
 0E5740H 0E5743H 00004H  DDC2BI71_CONST                           FAR_CONST 
 0E5750H 0E5753H 00004H  DDC2BI72_CONST                           FAR_CONST 
 0E5760H 0E5763H 00004H  DDC2BI73_CONST                           FAR_CONST 
 0E5770H 0E5773H 00004H  DDC2BI74_CONST                           FAR_CONST 
 0E5780H 0E5783H 00004H  DDC2BI75_CONST                           FAR_CONST 
 0E5790H 0E5793H 00004H  DDC2BI76_CONST                           FAR_CONST 
 0E57A0H 0E57A3H 00004H  DDC2BI77_CONST                           FAR_CONST 
 0E57B0H 0E57B3H 00004H  DDC2BI78_CONST                           FAR_CONST 
 0E57C0H 0E57C3H 00004H  DDC2BI79_CONST                           FAR_CONST 
 0E57D0H 0E57D3H 00004H  DDC2BI80_CONST                           FAR_CONST 
 0E57E0H 0E57E3H 00004H  DDC2BI81_CONST                           FAR_CONST 
 0E57F0H 0E57F3H 00004H  DDC2BI82_CONST                           FAR_CONST 
 0E5800H 0E5803H 00004H  DDC2BI83_CONST                           FAR_CONST 
 0E5810H 0E5813H 00004H  DDC2BI84_CONST                           FAR_CONST 
 0E5820H 0E5BD7H 003B8H  DDC2BI85_CONST                           FAR_CONST 
 0E5BE0H 0E5BE1H 00002H  GPROBE5_CONST                            FAR_CONST 
 0E5BF0H 0E5BF1H 00002H  GPROBE6_CONST                            FAR_CONST 
 0E5C00H 0E5C5FH 00060H  SMTPORTMAPPING5_CONST                    FAR_CONST 
 0E5C60H 0E5C71H 00012H  SMT_COLORCONTROL5_CONST                  FAR_CONST 
 0E5C80H 0E5D1FH 000A0H  SMT_FILTERS5_CONST                       FAR_CONST 
 0E5D20H 0E5D24H 00005H  SMT_MASTER5_CONST                        FAR_CONST 
 0E5D30H 0E5D36H 00007H  SMT_MASTER6_CONST                        FAR_CONST 
 0E5D40H 0E6210H 004D1H  SMT_SHARPNESS5_CONST                     FAR_CONST 
 0E6220H 0E62D7H 000B8H  CUSTOMAPP5_CONST                         FAR_CONST 
 0E62E0H 0E62F1H 00012H  CUSTOMAPP6_CONST                         FAR_CONST 
 0E6300H 0E6311H 00012H  CUSTOMAPP7_CONST                         FAR_CONST 
 0E6320H 0EE7AEH 0848FH  LPMHEX5_CONST                            FAR_CONST 
 0EE7B0H 0EEC21H 00472H  LPMHEX6_CONST                            FAR_CONST 
 0EEC30H 0EEC39H 0000AH  LPMHEX7_CONST                            FAR_CONST 
 0EEC40H 0EEC5FH 00020H  LPMHEX8_CONST                            FAR_CONST 
 0EEC60H 0EF079H 0041AH  OSDFILES15_CONST                         FAR_CONST 
 0EF080H 0EFB5BH 00ADCH  OSDFILES16_CONST                         FAR_CONST 
 0EFB60H 0F1226H 016C7H  OSDFILES25_CONST                         FAR_CONST 
 0F1230H 1007FFH 0F5D0H  OSDFILES26_CONST                         FAR_CONST 
 100800H 100D68H 00569H  OSDFILES27_CONST                         FAR_CONST 
 100D70H 100F6DH 001FEH  OSDFILES28_CONST                         FAR_CONST 
 100F70H 1081A2H 07233H  OSDFILES29_CONST                         FAR_CONST 
 1081B0H 10AC74H 02AC5H  OSDFILES210_CONST                        FAR_CONST 
 10AC80H 10BA5AH 00DDBH  OSDFILES211_CONST                        FAR_CONST 
 10BA60H 10BB00H 000A1H  OSDFILES212_CONST                        FAR_CONST 
 10BB10H 10BB42H 00033H  OSDFILES213_CONST                        FAR_CONST 
 10BB50H 10BB89H 0003AH  OSDFILES214_CONST                        FAR_CONST 
 10BB90H 10BBB0H 00021H  OSDFILES215_CONST                        FAR_CONST 
 10BBC0H 10BCC3H 00104H  OSDFILES216_CONST                        FAR_CONST 
 10BCD0H 10BCD9H 0000AH  OSDFILES217_CONST                        FAR_CONST 
 10BCE0H 10BD2FH 00050H  OSDFILES218_CONST                        FAR_CONST 
 10BD30H 10BD4BH 0001CH  OSDFILES219_CONST                        FAR_CONST 
 10BD50H 10BD6BH 0001CH  OSDFILES220_CONST                        FAR_CONST 
 10BD70H 10BD8BH 0001CH  OSDFILES221_CONST                        FAR_CONST 
 10BD90H 10BDABH 0001CH  OSDFILES222_CONST                        FAR_CONST 
 10BDB0H 10BECDH 0011EH  OSDFILES223_CONST                        FAR_CONST 
 10BED0H 10C057H 00188H  OSDFILES224_CONST                        FAR_CONST 
 10C060H 10C197H 00138H  OSDFILES225_CONST                        FAR_CONST 
 10C1A0H 10C1E7H 00048H  OSDFILES226_CONST                        FAR_CONST 
 10C1F0H 10C298H 000A9H  OSDFILES227_CONST                        FAR_CONST 
 10C2A0H 10C2C7H 00028H  OSDFILES228_CONST                        FAR_CONST 
 10C2D0H 10CBCDH 008FEH  OSDFILES229_CONST                        FAR_CONST 
 10CBD0H 10CCC0H 000F1H  OSDFILES230_CONST                        FAR_CONST 
 10CCD0H 10CCD9H 0000AH  OSDFILES231_CONST                        FAR_CONST 
 10CCE0H 10CD1CH 0003DH  OSDFILES232_CONST                        FAR_CONST 
 10CD20H 10CD29H 0000AH  OSDFILES233_CONST                        FAR_CONST 
 10CD30H 10CD48H 00019H  OSDFILES234_CONST                        FAR_CONST 
 10CD50H 10D1BFH 00470H  OSDFILES235_CONST                        FAR_CONST 
 10D1C0H 10D253H 00094H  OSDFILES236_CONST                        FAR_CONST 
 10D260H 10D26EH 0000FH  OSDFILES237_CONST                        FAR_CONST 
 10D270H 10D28BH 0001CH  OSDFILES238_CONST                        FAR_CONST 
 10D290H 10D299H 0000AH  OSDFILES239_CONST                        FAR_CONST 
 10D2A0H 10D2A9H 0000AH  OSDFILES240_CONST                        FAR_CONST 
 10D2B0H 10D35AH 000ABH  OSDFILES241_CONST                        FAR_CONST 
 10D360H 10D36EH 0000FH  OSDFILES242_CONST                        FAR_CONST 
 10D370H 10D392H 00023H  OSDFILES243_CONST                        FAR_CONST 
 10D3A0H 10D584H 001E5H  OSDFILES244_CONST                        FAR_CONST 
 10D590H 10DB49H 005BAH  OSDFILES245_CONST                        FAR_CONST 
 10DB50H 10DB5EH 0000FH  OSDFILES246_CONST                        FAR_CONST 
 10DB60H 10DB69H 0000AH  OSDFILES247_CONST                        FAR_CONST 
 10DB70H 10DE65H 002F6H  OSDFILES248_CONST                        FAR_CONST 
 10DE70H 10DE8BH 0001CH  OSDFILES249_CONST                        FAR_CONST 
 10DE90H 10DEC2H 00033H  OSDFILES250_CONST                        FAR_CONST 
 10DED0H 10DF02H 00033H  OSDFILES251_CONST                        FAR_CONST 
 10DF10H 10DF2BH 0001CH  OSDFILES252_CONST                        FAR_CONST 
 10DF30H 10FF34H 02005H  OSDFILES253_CONST                        FAR_CONST 
 10FF40H 112299H 0235AH  OSDFILES254_CONST                        FAR_CONST 
 1122A0H 112473H 001D4H  OSDFILES255_CONST                        FAR_CONST 
 112480H 1124EAH 0006BH  OSDFILES256_CONST                        FAR_CONST 
 1124F0H 113028H 00B39H  OSDFILES257_CONST                        FAR_CONST 
 113030H 114D45H 01D16H  OSDFILES258_CONST                        FAR_CONST 
 114D50H 115857H 00B08H  OSDFILES259_CONST                        FAR_CONST 
 115860H 116C42H 013E3H  OSDFILES260_CONST                        FAR_CONST 
 116C50H 11755BH 0090CH  OSDFILES261_CONST                        FAR_CONST 
 117560H 117764H 00205H  OSDFILES262_CONST                        FAR_CONST 
 117770H 117805H 00096H  OSDFILES263_CONST                        FAR_CONST 
 117810H 119CC9H 024BAH  OSDFILES264_CONST                        FAR_CONST 
 119CD0H 119E40H 00171H  OSDFILES265_CONST                        FAR_CONST 
 119E50H 11B180H 01331H  OSDFILES266_CONST                        FAR_CONST 
 11B190H 11D15BH 01FCCH  OSDFILES267_CONST                        FAR_CONST 
 11D160H 11D16DH 0000EH  OSDFILES268_CONST                        FAR_CONST 
 11D170H 11D181H 00012H  OSDFILES269_CONST                        FAR_CONST 
 11D200H 125794H 08595H  OSDFILES35_CONST                         FAR_CONST 
 125800H 12641EH 00C1FH  OSDFILES36_CONST                         FAR_CONST 
 126500H 1265A7H 000A8H  OSDFILES37_CONST                         FAR_CONST 
 1265B0H 12661FH 00070H  FLASHSPIPLUS5_CONST                      FAR_CONST 
 126620H 1267CFH 001B0H  IMAGESCHEMES5_CONST                      FAR_CONST 
 1267D0H 1269CFH 00200H  CALCULATE_CRC5_CONST                     FAR_CONST 
 1269D0H 1269DFH 00010H  DEBUGHANDLER5_CONST                      FAR_CONST 
 1269E0H 135FDFH 0F600H  FSB_OSD_VERIFICATION_PATTERN5_CONST      FAR_CONST 
 135FE0H 14485FH 0E880H  FSB_OSD_VERIFICATION_PATTERN6_CONST      FAR_CONST 
 144860H 14B8DFH 07080H  FSB_OSD_VERIFICATION_PATTERN7_CONST      FAR_CONST 
 14B8E0H 14B8F6H 00017H  FSB_OSD_VERIFICATION5_CONST              FAR_CONST 
 14B900H 14BC3FH 00340H  APPSTEST5_CONST                          FAR_CONST 
 14BC40H 14C63FH 00A00H  APPSTEST6_CONST                          FAR_CONST 
 14C640H 14CC3FH 00600H  APPSTEST7_CONST                          FAR_CONST 
 14CC40H 14CC40H 00001H  GM_OSDSYSTEM5_CONST                      FAR_CONST 
 14CC50H 14CC53H 00004H  GM_OSDSYSTEM6_CONST                      FAR_CONST 
 14CC60H 14CC63H 00004H  GM_OSDSYSTEM7_CONST                      FAR_CONST 
 14CC70H 14CD02H 00093H  GM_SYSTEM5_CONST                         FAR_CONST 
 14CD10H 14CD18H 00009H  GM_CSCUPDATECOLORS5_CONST                FAR_CONST 
 14CD20H 14CD2FH 00010H  ACCTBL5_CONST                            FAR_CONST 
 14CD30H 14CD4FH 00020H  ACCTBL6_CONST                            FAR_CONST 
 14CD50H 14CD6FH 00020H  ACCTBL7_CONST                            FAR_CONST 
 14CD70H 14CD7FH 00010H  ACCTBL8_CONST                            FAR_CONST 
 14CD80H 14ED8FH 02010H  COLORSCHEMETBL5_CONST                    FAR_CONST 
 14ED90H 14EE98H 00109H  GM_PANORAMICTBL5_CONST                   FAR_CONST 
 14EEA0H 14F06EH 001CFH  GM_PANORAMICTBL6_CONST                   FAR_CONST 
 14F070H 14F086H 00017H  GM_PANORAMICTBL7_CONST                   FAR_CONST 
 14F100H 15EEF1H 0FDF2H  GM_UPDATESHARPNESS5_CONST                FAR_CONST 
 15EF00H 16EEFFH 10000H  GM_UPDATESHARPNESS6_CONST                FAR_CONST 
 16EF00H 1713C7H 024C8H  GM_UPDATESHARPNESS7_CONST                FAR_CONST 
 1713D0H 17148FH 000C0H  GM_UPLOADSRAMBLOCK5_CONST                FAR_CONST 
 171490H 1716A3H 00214H  NATUREACCTBL5_CONST                      FAR_CONST 
 1716B0H 1718C3H 00214H  SPORTSACCTBL5_CONST                      FAR_CONST 
 1718D0H 171AE3H 00214H  THEATERACCTBL5_CONST                     FAR_CONST 
 171AF0H 171D03H 00214H  VIVIDACCTBL5_CONST                       FAR_CONST 
 171D10H 1733EBH 016DCH  DELLACCTBL5_CONST                        FAR_CONST 
 1733F0H 1733F1H 00002H  CECHANDLER5_CONST                        FAR_CONST 
 173400H 173447H 00048H  SMARTISPMAIN5_CONST                      FAR_CONST 
 173450H 173466H 00017H  BU_INIT_MODULE5_CONST                    FAR_CONST 
 173470H 17347CH 0000DH  TX_BE_SDP_3D5_CONST                      FAR_CONST 
 173480H 173487H 00008H  BU_SYS_HANDLER5_CONST                    FAR_CONST 
 173490H 173507H 00078H  GM_GLOBALVARIABLES5_CONST                FAR_CONST 
 173510H 17353FH 00030H  RX_BE_SDP_AUDIO5_CONST                   FAR_CONST 
 173540H 17354AH 0000BH  TX_BE_AUDIO_SETCONFIG5_CONST             FAR_CONST 
 173550H 173569H 0001AH  OVPCONTROL5_CONST                        FAR_CONST 
 173570H 173F9FH 00A30H  GM_ADAPTIVEMADI5_CONST                   FAR_CONST 
 173FA0H 173FADH 0000EH  ZDTLIB5_CONST                            FAR_CONST 
 173FB0H 1741B7H 00208H  GM_ACC35_CONST                           FAR_CONST 
 1741C0H 1742BFH 00100H  GM_ACC36_CONST                           FAR_CONST 
 1742C0H 1746BFH 00400H  GM_ACC37_CONST                           FAR_CONST 
 1746C0H 1746DDH 0001EH  HDCPREPEATER5_CONST                      FAR_CONST 
 1746E0H 1746FDH 0001EH  HDCPREPEATER6_CONST                      FAR_CONST 
 174700H 17471DH 0001EH  HDCPREPEATER7_CONST                      FAR_CONST 
 174720H 174761H 00042H  HDCPREPEATER8_CONST                      FAR_CONST 
 174770H 174773H 00004H  GM_SYNCUPDATE5_CONST                     FAR_CONST 
 174780H 174797H 00018H  GM_SYNCUPDATEWAIT5_CONST                 FAR_CONST 
 1747A0H 1747E7H 00048H  GM_SETIFMCTRLBITFIELD5_CONST             FAR_CONST 
 1747F0H 174801H 00012H  GM_DIPCONFIG5_CONST                      FAR_CONST 
 174810H 17482BH 0001CH  CUSTOM_4K2K5_CONST                       FAR_CONST 
 174830H 17484BH 0001CH  CUSTOM_4K2K6_CONST                       FAR_CONST 
 174850H 17486BH 0001CH  CUSTOM_4K2K7_CONST                       FAR_CONST 
 174870H 17488BH 0001CH  CUSTOM_4K2K8_CONST                       FAR_CONST 
 174890H 1748ABH 0001CH  CUSTOM_4K2K9_CONST                       FAR_CONST 
 1748B0H 1748CBH 0001CH  CUSTOM_4K2K10_CONST                      FAR_CONST 
 1748D0H 1748D6H 00007H  CUSTOM_4K2K11_CONST                      FAR_CONST 
 1748E0H 1748E6H 00007H  CUSTOM_4K2K12_CONST                      FAR_CONST 
 1748F0H 1748FDH 0000EH  CUSTOM_4K2K13_CONST                      FAR_CONST 
 174900H 17490DH 0000EH  CUSTOM_4K2K14_CONST                      FAR_CONST 
 174910H 17491DH 0000EH  CUSTOM_4K2K15_CONST                      FAR_CONST 
 174920H 17492DH 0000EH  CUSTOM_4K2K16_CONST                      FAR_CONST 
 174930H 174936H 00007H  CUSTOM_4K2K17_CONST                      FAR_CONST 
 174940H 174946H 00007H  CUSTOM_4K2K18_CONST                      FAR_CONST 
 174950H 174956H 00007H  CUSTOM_4K2K19_CONST                      FAR_CONST 
 174960H 174966H 00007H  CUSTOM_4K2K20_CONST                      FAR_CONST 
 174970H 174976H 00007H  CUSTOM_4K2K21_CONST                      FAR_CONST 
 174980H 174986H 00007H  CUSTOM_4K2K22_CONST                      FAR_CONST 
 174990H 174996H 00007H  CUSTOM_4K2K23_CONST                      FAR_CONST 
 1749A0H 1749A6H 00007H  CUSTOM_4K2K24_CONST                      FAR_CONST 
 1749B0H 1749B6H 00007H  CUSTOM_4K2K25_CONST                      FAR_CONST 
 1749C0H 1749C6H 00007H  CUSTOM_4K2K26_CONST                      FAR_CONST 
 1749D0H 1749D6H 00007H  CUSTOM_4K2K27_CONST                      FAR_CONST 
 1749E0H 1749E6H 00007H  CUSTOM_4K2K28_CONST                      FAR_CONST 
 1749F0H 1749FDH 0000EH  CUSTOM_4K2K29_CONST                      FAR_CONST 
 174A00H 174A06H 00007H  CUSTOM_4K2K30_CONST                      FAR_CONST 
 174A10H 174A16H 00007H  CUSTOM_4K2K31_CONST                      FAR_CONST 
 174A20H 174A26H 00007H  CUSTOM_4K2K32_CONST                      FAR_CONST 
 174A30H 174A36H 00007H  CUSTOM_4K2K33_CONST                      FAR_CONST 
 174A40H 174A46H 00007H  CUSTOM_4K2K34_CONST                      FAR_CONST 
 174A50H 174A56H 00007H  CUSTOM_4K2K35_CONST                      FAR_CONST 
 174A60H 174A66H 00007H  CUSTOM_4K2K36_CONST                      FAR_CONST 
 174A70H 174A76H 00007H  CUSTOM_4K2K37_CONST                      FAR_CONST 
 174A80H 174A86H 00007H  CUSTOM_4K2K38_CONST                      FAR_CONST 
 174A90H 174A96H 00007H  CUSTOM_4K2K39_CONST                      FAR_CONST 
 174AA0H 174AA6H 00007H  CUSTOM_4K2K40_CONST                      FAR_CONST 
 174AB0H 174AB6H 00007H  CUSTOM_4K2K41_CONST                      FAR_CONST 
 174AC0H 174AC8H 00009H  CUSTOM_4K2K42_CONST                      FAR_CONST 
 174AD0H 174AD8H 00009H  CUSTOM_4K2K43_CONST                      FAR_CONST 
 174AE0H 174AF1H 00012H  CUSTOM_4K2K44_CONST                      FAR_CONST 
 174B00H 174B11H 00012H  CUSTOM_4K2K45_CONST                      FAR_CONST 
 174B20H 174B28H 00009H  CUSTOM_4K2K46_CONST                      FAR_CONST 
 174B30H 174B38H 00009H  CUSTOM_4K2K47_CONST                      FAR_CONST 
 174B40H 174B48H 00009H  CUSTOM_4K2K48_CONST                      FAR_CONST 
 174B50H 174B58H 00009H  CUSTOM_4K2K49_CONST                      FAR_CONST 
 174B60H 174B68H 00009H  CUSTOM_4K2K50_CONST                      FAR_CONST 
 174B70H 174B78H 00009H  CUSTOM_4K2K51_CONST                      FAR_CONST 
 174B80H 174B88H 00009H  CUSTOM_4K2K52_CONST                      FAR_CONST 
 174B90H 174B98H 00009H  CUSTOM_4K2K53_CONST                      FAR_CONST 
 174BA0H 174BA8H 00009H  CUSTOM_4K2K54_CONST                      FAR_CONST 
 174BB0H 174BB8H 00009H  CUSTOM_4K2K55_CONST                      FAR_CONST 
 174BC0H 174BC8H 00009H  CUSTOM_4K2K56_CONST                      FAR_CONST 
 174BD0H 174BD8H 00009H  CUSTOM_4K2K57_CONST                      FAR_CONST 
 174BE0H 174BE8H 00009H  CUSTOM_4K2K58_CONST                      FAR_CONST 
 174BF0H 174BF8H 00009H  CUSTOM_4K2K59_CONST                      FAR_CONST 
 174C00H 174C35H 00036H  CUSTOM_4K2K60_CONST                      FAR_CONST 
 174C40H 174C63H 00024H  CUSTOM_4K2K61_CONST                      FAR_CONST 
 174C70H 174C97H 00028H  PIXCRMAIN5_CONST                         FAR_CONST 
 174CA0H 174D0BH 0006CH  GM_CLKENABLE5_CONST                      FAR_CONST 
 174D10H 174D30H 00021H  GM_UPDATEMADI5_CONST                     FAR_CONST 
 174D40H 174D47H 00008H  SMARTISPLIB5_CONST                       FAR_CONST 
 174D50H 175021H 002D2H  GM_CSCSINCOS5_CONST                      FAR_CONST 
 175030H 17504DH 0001EH  GM_AUDIOCLOCK5_CONST                     FAR_CONST 
 175050H 175053H 00004H  HDMIRX_API5_CONST                        FAR_CONST 
 175060H 175083H 00024H  RX_SYS_LT_FWLT5_CONST                    FAR_CONST 
 175090H 1750B3H 00024H  RX_SYS_LT_FWLT6_CONST                    FAR_CONST 
 1750C0H 1750D1H 00012H  RX_SYS_LT_FASTLT5_CONST                  FAR_CONST 
 1750E0H 175107H 00028H  RX_SYS_PM_POWERBLOCK5_CONST              FAR_CONST 
 175110H 175132H 00023H  RX_SYS_PM_POWERBLOCK6_CONST              FAR_CONST 
 175140H 175167H 00028H  RX_SYS_PM_POWERBLOCK7_CONST              FAR_CONST 
 175170H 175183H 00014H  RX_SYS_PM_POWERBLOCK8_CONST              FAR_CONST 
 175190H 1751B7H 00028H  RX_SYS_PM_POWERBLOCK9_CONST              FAR_CONST 
 1751C0H 1751C4H 00005H  RX_SYS_PM_POWERBLOCK10_CONST             FAR_CONST 
 1751D0H 17521BH 0004CH  RX_BE_SDP_SDP5_CONST                     FAR_CONST 
 175220H 175231H 00012H  TX_FE_LINK_TRAINING5_CONST               FAR_CONST 
 175240H 17525BH 0001CH  TX_BE_AUDIO_SDP5_CONST                   FAR_CONST 
 175260H 17551BH 002BCH  GM_UPDATESHARPNOISE5_CONST               FAR_CONST 
 175520H 17644FH 00F30H  GM_UPDATETNR5_CONST                      FAR_CONST 
 176450H 176461H 00012H  GM_ADCREGACCESS5_CONST                   FAR_CONST 
 176470H 176481H 00012H  GM_ADCCALIBRATEINIT5_CONST               FAR_CONST 
 176490H 17668FH 00200H  PIXCRFINE5_CONST                         FAR_CONST 
 176690H 17679BH 0010CH  PIXCRCOARSECFG5_CONST                    FAR_CONST 
 1767A0H 176873H 000D4H  PIXCRCOARSECFG6_CONST                    FAR_CONST 
 176880H 176953H 000D4H  PIXCRCOARSECFG7_CONST                    FAR_CONST 
 176960H 176A33H 000D4H  PIXCRCOARSECFG8_CONST                    FAR_CONST 
 176A40H 176B3BH 000FCH  PIXCRCOARSECFG9_CONST                    FAR_CONST 
 176B40H 176C13H 000D4H  PIXCRCOARSECFG10_CONST                   FAR_CONST 
 176C20H 176D63H 00144H  PIXCRCOARSECFG11_CONST                   FAR_CONST 
 176D70H 176ECBH 0015CH  PIXCRCOARSECFG12_CONST                   FAR_CONST 
 176ED0H 177013H 00144H  PIXCRCOARSECFG13_CONST                   FAR_CONST 
 177020H 177163H 00144H  PIXCRCOARSECFG14_CONST                   FAR_CONST 
 177170H 1772B3H 00144H  PIXCRCOARSECFG15_CONST                   FAR_CONST 
 1772C0H 1772FFH 00040H  HDMIRX_EVENT5_CONST                      FAR_CONST 
 177300H 17732BH 0002CH  HDMIRX_AUDIO5_CONST                      FAR_CONST 
 177330H 17742FH 00100H  BU_CRC85_CONST                           FAR_CONST 
 177430H 17752FH 00100H  BU_CRC45_CONST                           FAR_CONST 
 177530H 17768BH 0015CH  PIXCRFINECFG5_CONST                      FAR_CONST 
 177690H 1777EBH 0015CH  PIXCRFINECFG6_CONST                      FAR_CONST 
 1777F0H 17794BH 0015CH  PIXCRFINECFG7_CONST                      FAR_CONST 
 177950H 177AABH 0015CH  PIXCRFINECFG8_CONST                      FAR_CONST 
 177AB0H 177ABCH 0000DH  HDMIRX_PACKET5_CONST                     FAR_CONST 
 177AC0H 177B0FH 00050H  HDMIRX_MEAS5_CONST                       FAR_CONST 
 177B10H 177B11H 00002H  HDMIRX_CPHYEQUALIZER5_CONST              FAR_CONST 
 177C00H 1784FFH 00900H  _IROM_DATA                               IROM_DATA 
 178500H 178907H 00408H  _OSD_CMDBUF                              OSD_CMDBUF
 178A00H 17A95BH 01F5CH  _DATA                                    DATA      
 17A95CH 17E0DDH 03782H  _BSS                                     BSS       
 17E0DEH 17E0DFH 00002H  _NVRAM                                   NVRAM     
 17E0E0H 17E8DFH 00800H  _STACK                                   STACK     
 17E900H 17E901H 00002H  _FARBSS                                  FAR_BSS   
 17E910H 17EF2BH 0061CH  SMT5_BSS                                 FAR_BSS   
 17EF30H 17FB3FH 00C10H  SMT_AFM5_BSS                             FAR_BSS   
 17FB40H 17FB7BH 0003CH  SMT_CSC5_BSS                             FAR_BSS   
 17FB80H 180589H 00A0AH  SMT_MADI5_BSS                            FAR_BSS   
 180590H 180BABH 0061CH  SMT_MASTER5_BSS                          FAR_BSS   
 180BB0H 180BB0H 00001H  SMT_MNR5_BSS                             FAR_BSS   
 180BC0H 181090H 004D1H  SMT_SHARPNESS5_BSS                       FAR_BSS   
 1810A0H 186CA1H 05C02H  PIXCRMAIN5_BSS                           FAR_BSS   
 186D00H 186DF3H 000F4H  _END_SEGMENT                             END_SEG   
 186E00H 187126H 00327H  _IROM_CODE                               IROM_CODE 


Detailed map of segments

 0000:0000 000C7 C=CODE        S=_TEXT                                    G=(none)  M=C0startup                           ACBP=88
 0000:00C7 00005 C=CODE        S=_TEXT                                    G=(none)  M=gm_printf                           ACBP=28
 0000:00CC 00040 C=CODE        S=_TEXT                                    G=(none)  M=fstrcat                             ACBP=48
 0000:010C 0003D C=CODE        S=_TEXT                                    G=(none)  M=fstrcpy                             ACBP=48
 0000:0149 00027 C=CODE        S=_TEXT                                    G=(none)  M=h_spush                             ACBP=28
 0000:0170 00052 C=CODE        S=_TEXT                                    G=(none)  M=fmemmove                            ACBP=48
 0000:01C2 00067 C=CODE        S=_TEXT                                    G=(none)  M=ltoa1                               ACBP=28
 0000:0229 00028 C=CODE        S=_TEXT                                    G=(none)  M=labs                                ACBP=28
 0000:0251 00093 C=CODE        S=_TEXT                                    G=(none)  M=h_pada                              ACBP=28
 0000:02E4 0006C C=CODE        S=_TEXT                                    G=(none)  M=setjmpnx                            ACBP=28
 0000:0350 0002E C=CODE        S=_TEXT                                    G=(none)  M=memset                              ACBP=48
 0000:037E 0002E C=CODE        S=_TEXT                                    G=(none)  M=memcpy                              ACBP=48
 0000:03AC 00022 C=CODE        S=_TEXT                                    G=(none)  M=n_pcmp                              ACBP=28
 0000:03CE 0009A C=CODE        S=_TEXT                                    G=(none)  M=longtoa                             ACBP=28
 0000:0468 0000C C=CODE        S=_TEXT                                    G=(none)  M=divt                                ACBP=28
 0000:0474 000F9 C=CODE        S=_TEXT                                    G=(none)  M=ldivt                               ACBP=28
 0000:056E 0004A C=CODE        S=_TEXT                                    G=(none)  M=fstrcmp                             ACBP=48
 0000:05B8 0001A C=CODE        S=_TEXT                                    G=(none)  M=fstrlen                             ACBP=48
 0000:05D2 0001C C=CODE        S=_TEXT                                    G=(none)  M=n_scopy                             ACBP=28
 0000:05EE 00052 C=CODE        S=_TEXT                                    G=(none)  M=fmemcmp                             ACBP=48
 0006:0040 0026A C=CODE        S=CABLESTATUS_TEXT                         G=(none)  M=cablestatus                         ACBP=28
 0008:00AA 0096A C=CODE        S=DPLIBINTERFACE_TEXT                      G=(none)  M=dplibinterface                      ACBP=28
 0012:0014 00356 C=CODE        S=DPRXDDCCI_TEXT                           G=(none)  M=dprxddcci                           ACBP=28
 0015:006A 002B1 C=CODE        S=DPRXEDID_TEXT                            G=(none)  M=dprxedid                            ACBP=28
 0018:001B 00B36 C=CODE        S=DPPWRSTATECHECK_TEXT                     G=(none)  M=dppwrstatecheck                     ACBP=28
 0023:0051 028B7 C=CODE        S=DPBRAPP_TEXT                             G=(none)  M=dpbrapp                             ACBP=28
 004C:0008 00000 C=CODE        S=PREDEFINEDGAMMALUT_TEXT                  G=(none)  M=predefinedgammalut                  ACBP=28
 004C:0008 00000 C=CODE        S=DYNAMICGAMUTMAPPING_TEXT                 G=(none)  M=dynamicgamutmapping                 ACBP=28
 004C:0008 00000 C=CODE        S=COLORFIDELITYCONTROL_TEXT                G=(none)  M=colorfidelitycontrol                ACBP=28
 004C:0008 00021 C=CODE        S=GM_ADAPT_MODEDETECTION_TEXT              G=(none)  M=gm_adapt_modedetection              ACBP=28
 004C:0029 00000 C=CODE        S=APPGLOBALVARIABLES_TEXT                  G=(none)  M=appglobalvariables                  ACBP=28
 004C:0029 018C2 C=CODE        S=INIT_TEXT                                G=(none)  M=init                                ACBP=28
 0064:00EB 0017D C=CODE        S=MAIN_TEXT                                G=(none)  M=main                                ACBP=28
 0066:0068 00000 C=CODE        S=OSD_CMD_SRAM_TEXT                        G=(none)  M=osd_cmd_sram                        ACBP=28
 0066:0068 00128 C=CODE        S=VERSION_TEXT                             G=(none)  M=version                             ACBP=28
 0067:0090 00005 C=CODE        S=LOADHDCPKEY_TEXT                         G=(none)  M=loadhdcpkey                         ACBP=28
 0067:0095 0010A C=CODE        S=GM_INPUTCONFIG_TEXT                      G=(none)  M=gm_inputconfig                      ACBP=28
 0068:009F 00005 C=CODE        S=DIPMAPPING_TEXT                          G=(none)  M=dipmapping                          ACBP=28
 0068:00A4 00000 C=CODE        S=PORTATTRIB_TEXT                          G=(none)  M=portattrib                          ACBP=28
 0068:00A4 00340 C=CODE        S=OSD_APPDEPENDENT_TEXT                    G=(none)  M=osd_appdependent                    ACBP=28
 006B:00E4 007FA C=CODE        S=BOARDCONTROL_TEXT                        G=(none)  M=boardcontrol                        ACBP=28
 0073:00DE 00000 C=CODE        S=AUTOSCANINPUT_TEXT                       G=(none)  M=autoscaninput                       ACBP=28
 0073:00DE 00891 C=CODE        S=PORTSELECTION_TEXT                       G=(none)  M=portselection                       ACBP=28
 007C:006F 0001A C=CODE        S=EXTERNALDEVICECONFIG_TEXT                G=(none)  M=externaldeviceconfig                ACBP=28
 007C:0089 00000 C=CODE        S=MODE_TEXT                                G=(none)  M=mode                                ACBP=28
 007C:0089 00EF4 C=CODE        S=PANEL_TEXT                               G=(none)  M=panel                               ACBP=28
 008B:007D 01889 C=CODE        S=ADJ_COLORWRAP_TEXT                       G=(none)  M=adj_colorwrap                       ACBP=28
 00A4:0006 00481 C=CODE        S=ADJ_ACM3D_TEXT                           G=(none)  M=adj_acm3d                           ACBP=28
 00A8:0087 0005B C=CODE        S=ADJUSTOR_TEXT                            G=(none)  M=adjustor                            ACBP=28
 00A8:00E2 015A5 C=CODE        S=ADJ_DISPLAY_TEXT                         G=(none)  M=adj_display                         ACBP=28
 00BE:0087 01B96 C=CODE        S=ADJ_INPUTCAPTURE_TEXT                    G=(none)  M=adj_inputcapture                    ACBP=28
 00DA:001D 005EE C=CODE        S=ADJ_ADCCALIBRATION_TEXT                  G=(none)  M=adj_adccalibration                  ACBP=28
 00E0:000B 00022 C=CODE        S=MULTI_PIP_TEXT                           G=(none)  M=multi_pip                           ACBP=28
 00E0:002D 014DB C=CODE        S=SCALERDYNAMIC_TEXT                       G=(none)  M=scalerdynamic                       ACBP=28
 00F5:0008 00078 C=CODE        S=DITHER_TEXT                              G=(none)  M=dither                              ACBP=28
 00F5:0080 00957 C=CODE        S=DUM_TEXT                                 G=(none)  M=dum                                 ACBP=28
 00FE:00D7 00740 C=CODE        S=OSD_ADJ_TEXT                             G=(none)  M=osd_adj                             ACBP=28
 0106:0017 00181 C=CODE        S=OSD_AUDIO_TEXT                           G=(none)  M=osd_audio                           ACBP=28
 0107:0098 00BEC C=CODE        S=OSD_DISPLAY_TEXT                         G=(none)  M=osd_display                         ACBP=28
 0113:0084 00DD0 C=CODE        S=OSD_DRAW_TEXT                            G=(none)  M=osd_draw                            ACBP=28
 0121:0054 00F15 C=CODE        S=OSD_FACTORY_TEXT                         G=(none)  M=osd_factory                         ACBP=28
 0130:0069 0058A C=CODE        S=OSD_INPUT_TEXT                           G=(none)  M=osd_input                           ACBP=28
 0135:00F3 0093A C=CODE        S=OSD_INPUTCAPTURE_TEXT                    G=(none)  M=osd_inputcapture                    ACBP=28
 013F:002D 00993 C=CODE        S=OSD_PIP_TEXT                             G=(none)  M=osd_pip                             ACBP=28
 0148:00C0 0070F C=CODE        S=OSD_PORTS_TEXT                           G=(none)  M=osd_ports                           ACBP=28
 014F:00CF 0027A C=CODE        S=OSD_TIMER_TEXT                           G=(none)  M=osd_timer                           ACBP=28
 0152:0049 0047E C=CODE        S=OSD_UTIL_TEXT                            G=(none)  M=osd_util                            ACBP=28
 0156:00C7 00348 C=CODE        S=ACR_HANDLER_TEXT                         G=(none)  M=acr_handler                         ACBP=28
 015A:000F 00F0E C=CODE        S=VWD_TEXT                                 G=(none)  M=vwd                                 ACBP=28
 0169:001D 00279 C=CODE        S=CABLEHANDLER_TEXT                        G=(none)  M=cablehandler                        ACBP=28
 016B:0096 0004D C=CODE        S=MULTIPIPHANDLER_TEXT                     G=(none)  M=multipiphandler                     ACBP=28
 016B:00E3 003D0 C=CODE        S=SHA1_TEXT                                G=(none)  M=sha1                                ACBP=28
 016F:00B3 00000 C=CODE        S=I2CGPIOMASTER_TEXT                       G=(none)  M=i2cgpiomaster                       ACBP=28
 016F:00B3 003BC C=CODE        S=MULTIDISPLAY_TEXT                        G=(none)  M=multidisplay                        ACBP=28
 0173:006F 00000 C=CODE        S=WDT_TEXT                                 G=(none)  M=wdt                                 ACBP=28
 0173:006F 007C5 C=CODE        S=MEMORY_TEXT                              G=(none)  M=memory                              ACBP=28
 017B:0034 002BC C=CODE        S=CVT_TEXT                                 G=(none)  M=cvt                                 ACBP=28
 017D:00F0 004D1 C=CODE        S=LETTERBOXHANDLER_TEXT                    G=(none)  M=letterboxhandler                    ACBP=28
 0182:00C1 00D37 C=CODE        S=MODEPREFS_TEXT                           G=(none)  M=modeprefs                           ACBP=28
 018F:00F8 01F4E C=CODE        S=MODEDETERM_TEXT                          G=(none)  M=modedeterm                          ACBP=28
 01AF:0046 00B9A C=CODE        S=MODEHANDLER_TEXT                         G=(none)  M=modehandler                         ACBP=28
 01BA:00E0 00000 C=CODE        S=WSSHANDLER_TEXT                          G=(none)  M=wsshandler                          ACBP=28
 01BA:00E0 011A6 C=CODE        S=POWERHANDLER_TEXT                        G=(none)  M=powerhandler                        ACBP=28
 01CC:0086 02FF7 C=CODE        S=MODESETUP_TEXT                           G=(none)  M=modesetup                           ACBP=28
 01FC:007D 00399 C=CODE        S=ADCKEYPAD_TEXT                           G=(none)  M=adckeypad                           ACBP=28
 0200:0016 00BAF C=CODE        S=AUDPROC_TEXT                             G=(none)  M=audproc                             ACBP=28
 020B:00C5 000BF C=CODE        S=FILMMODE_TEXT                            G=(none)  M=filmmode                            ACBP=28
 020C:0084 001EE C=CODE        S=IR_TEXT                                  G=(none)  M=ir                                  ACBP=28
 020E:0072 00344 C=CODE        S=SCHEDULER_TEXT                           G=(none)  M=scheduler                           ACBP=28
 0211:00B6 000CB C=CODE        S=TIMERS_TEXT                              G=(none)  M=timers                              ACBP=28
 0212:0081 0098A C=CODE        S=SDRAM_TEXT                               G=(none)  M=sdram                               ACBP=28
 021C:000B 01677 C=CODE        S=SMT_LBC_LCT_TEXT                         G=(none)  M=smt_lbc_lct                         ACBP=28
 0232:0082 029B9 C=CODE        S=SMT_GAMMACORRECTION_TEXT                 G=(none)  M=smt_gammacorrection                 ACBP=28
 025C:003B 05D74 C=CODE        S=DDC2BI_TEXT                              G=(none)  M=ddc2bi                              ACBP=28
 02B9:00AF 00078 C=CODE        S=D_UART_TEXT                              G=(none)  M=d_uart                              ACBP=28
 02BA:0027 0046D C=CODE        S=GPROBE_TEXT                              G=(none)  M=gprobe                              ACBP=28
 02BE:0094 0055B C=CODE        S=MSG_FWD_TEXT                             G=(none)  M=msg_fwd                             ACBP=28
 02C3:00EF 01001 C=CODE        S=SMT_TEXT                                 G=(none)  M=smt                                 ACBP=28
 02D3:00F0 00000 C=CODE        S=SMTPORTMAPPING_TEXT                      G=(none)  M=smtportmapping                      ACBP=28
 02D3:00F0 01875 C=CODE        S=SMT_ACC3_TEXT                            G=(none)  M=smt_acc3                            ACBP=28
 02EC:0065 00EC3 C=CODE        S=SMT_ACM3_TEXT                            G=(none)  M=smt_acm3                            ACBP=28
 02FB:0028 009AC C=CODE        S=SMT_AFM_TEXT                             G=(none)  M=smt_afm                             ACBP=28
 0304:00D4 002D9 C=CODE        S=SMT_COLORCONTROL_TEXT                    G=(none)  M=smt_colorcontrol                    ACBP=28
 0307:00AD 00821 C=CODE        S=SMT_CSC_TEXT                             G=(none)  M=smt_csc                             ACBP=28
 030F:00CE 0057A C=CODE        S=SMT_FILTERS_TEXT                         G=(none)  M=smt_filters                         ACBP=28
 0315:0048 008AB C=CODE        S=SMT_MADI_TEXT                            G=(none)  M=smt_madi                            ACBP=28
 031D:00F3 009A1 C=CODE        S=SMT_MASTER_TEXT                          G=(none)  M=smt_master                          ACBP=28
 0327:0094 00288 C=CODE        S=SMT_MNR_TEXT                             G=(none)  M=smt_mnr                             ACBP=28
 032A:001C 0067F C=CODE        S=SMT_MSGFWD_TEXT                          G=(none)  M=smt_msgfwd                          ACBP=28
 0330:009B 01C49 C=CODE        S=SMT_SHARPNESS_TEXT                       G=(none)  M=smt_sharpness                       ACBP=28
 034C:00E4 00000 C=CODE        S=SMT_TNR_TEXT                             G=(none)  M=smt_tnr                             ACBP=28
 034C:00E4 0E793 C=CODE        S=CUSTOMAPP_TEXT                           G=(none)  M=customapp                           ACBP=28
 0434:0077 0009D C=CODE        S=DRAWSELECTEDMOVEABLEBITMAP_TEXT          G=(none)  M=drawselectedmoveablebitmap          ACBP=28
[...]
 177C:37F7       _W_OverscanEnabled
 177C:37FA       _B_OutputAspect
 177C:37FC       _B_AspectMethod
 177C:37FE       _B_FocusBorder
 177C:3800 idle  _B_MainProgramBlocked
 177C:3802 idle  _B_PipProgramBlocked
 177C:3804 idle  _VBI_ServiceType
 177C:3806       _gmvb_SerialStatus
 177C:3807       _uartData
 177C:3A24 idle  _VBI_ServicePreferred
 177C:3A26       _gmv_OsdThreadContextArray
 177C:3BE4 idle  _B_MainCcFieldChangeFlag
 177C:3BE6 idle  _B_PipCcFieldChangeFlag
 177C:3C04       _CurPanelData
 177C:3CF7       _B_DynScalingCoast
 177C:3CF8       _B_DynPixelsPerSeq
 177C:3D66       _vConverT
 177C:3DC8       _W_TimeKeyHeldDown
 177C:3EB9       _LPM_CableStatus
 177C:3F72 idle  _gB_MemoryCustomBufferAllocated
 177C:3FB1 idle  _B_DisplayPort_ColorSpace
 177C:3FC0 idle  _Real_Input_H
 177C:3FC2 idle  _Real_Input_V
 177C:3FEE       _PwrState
 177C:3FF0 idle  _PwrTransitionCount
 177C:4072 idle  _ST_ModeSetupRequests
 177C:4132 idle  _ST_OSDRequests
 177C:41C1 idle  _B_IRTimeCounter
 177C:41C2 idle  _B_IrKeyDetected
 177C:41C4       _gWa_UserTmrBuf
 177C:4295 idle  _Factory_Command
 177C:4296 idle  _Temp_Data
 177C:4298 idle  _Temp_Data1
 177C:429A idle  _EH_CommFeature
 177C:42AE       _B_DDCCINewControlVal
 177C:42E7       _OutMsg
 177C:44D7 idle  _B_BackupPresetMode
 177C:44D8 idle  _PresetModeUserPreferences
 177C:44E8 idle  _PipPresetModeUserPreferences
 177C:454C idle  _YPOSSTART
 177C:454E idle  _ystart
 177C:4550 idle  _sliderwidth
 177C:457C       _ModeIndependentUserPreferences
 177C:465C       _ModeDependentUserPreferences
 177C:466E       _PortSchemeDependentUserPreferences
 177C:46DA idle  _ModeDependent_PIPUserPreferences
 177C:46E6       _FactoryUserPreferences
 177C:4786 idle  _ServiceBlockUserPreferences
 177C:478A idle  _ChannelNameDigit
 177C:478B idle  _BlockedChannelList
 177C:478C idle  _ADCOffsetGainList
 177C:478D       _InputPortList
 177C:478E       _WB_ImageScheme
 177C:478F idle  _WB_SourceSelector
 177C:47AC       _gW_OsdTimers
 177C:47CC       _gB_OsdTimerStart
 177C:483D idle  _gB_NVRamError
 177C:4891       _B_AutoAdjustCount
 177C:48A4       _DW_MonitorPowerOnTime
 177C:48D2       _D_Elapsed
 177C:4928 idle  _gWp_PatID
 177C:4947       _gBa_AppsTestParam
 177C:497B idle  _B_DCRCompensationFactor
 177C:497C idle  _Panel_Select_SW
 177C:4E2E idle  _gS_HdmiRxSha
 177C:4EEA       _CurrHdcpRep_ps
 177C:4EEC idle  _HdcpRptrData
 177C:517F idle  _Rptr1UpDeviceInfo
 177C:5188 idle  _Rptr1DwnDeviceInfo
 177C:519C idle  _CapStringSize
 177C:519E idle  _CodePatch
 177C:51A8       _gmvb_AFERegistersValsPtr
 177C:51AC       _gmvb_AdcUsagePtr
 177C:51B0       _gmvs_InputConfigTblPtr
 177C:51B4 idle  _Gd_TeletextDataSdramStartAddress
 177C:51B8       _gmvb_ChannelSource
 177C:51BC       _gmvb_InputConnector
 177C:51BE       _stInput
 177C:51EA       _gmvw_InputSyncFlags
 177C:51EE       _gmvw_InputOversample
 177C:51F2       _gmvb_InputSamplingPhase
 177C:51F4       _gmvsw_InputHSyncOffset
 177C:51F8       _gmvsw_InputVSyncOffset
 177C:51FC       _gmvw_InputVTotalOrg
 177C:5200       _gmvw_InputHTotalOrg
 177C:5204       _gmvw_InputVStartOrg
 177C:5208       _gmvw_InputVActiveOrg
 177C:520C       _gmvw_InputHStartOrg
 177C:5210       _gmvw_InputHActiveOrg
 177C:5214       _gmvb_VSyncEvent
 177C:5218       _gmvb_MemoryBpp
 177C:521A       _gmvb_MemoryNumBuffers
 177C:521C       _gmvb_MemoryBufferTypes
 177C:5220       _gmvw_MemoryMaxHCapture
 177C:5224       _gmvw_MemoryMaxVCapture
 177C:5228       _gmvw_OutputVActive
 177C:522C       _gmvw_OutputVStart
 177C:5230       _gmvw_OutputHActive
 177C:5234       _gmvw_OutputHStart
 177C:5238       _gmvb_OutputFrameRate
 177C:5239       _gmvb_ValidIrData
 177C:523A       _gmvb_MainChannel
 177C:523C       _gmvb_PipChannel
 177C:523E       _gmvb_DDDSSourceChannel
 177C:5240       _gmvd_VideoProcessingEnabled
 177C:5244       _gmvb_VCRMode
 177C:5246       _gmv_OUTPUT_HTOTAL
 177C:5248       _gmv_OUTPUT_VTOTAL
 177C:524A       _gmv_OUTPUT_HTOTAL_22
 177C:524C       _gmv_OUTPUT_VTOTAL_22
 177C:524E       _gmv_OUTPUT_HTOTAL_33
 177C:5250       _gmv_OUTPUT_VTOTAL_33
 177C:5252       _gmv_OUTPUT_HACTIVE
 177C:5254       _gmv_OUTPUT_VACTIVE
 177C:5256       _gmv_PanelSetupExeptions
 177C:5258       _Dp12LibPatchEnable_bfs
 177C:5284       _gmv_ActionOpPtr
 177C:5288 idle  _REG_MSG_CONTENT
 177C:52C8 idle  _REG_MSG_PTR
 177C:52C9 idle  _REG_MSG_TOP
 177C:52CA idle  _RX_MONITOR
 177C:52CC idle  _BACK_TX
 177C:52CE idle  _BACK_RX
 177C:52DE idle  _dateCounter
 177C:52E2 idle  _RenormSlope
 177C:53E2 idle  _NormalizeBinLimit
 177C:562E       _gb_MemoryStaticBuffers
 177C:5630       _gd_MemoryMainStart
 177C:5634       _gd_MemoryMainEnd
 177C:5638       _gd_MemoryPipStart
 177C:563C idle  _gd_MemoryTeletextStart
 177C:5642       _gW_HostUpdate
 177C:5646       _B_DeviceId
 177C:564A       _B_StabilityCount
 177C:564C       _StateDetectFlag
 177C:5650       _B_DetectTimingState
 177C:5654       _B_InputDetectionTransition
 177C:5658       _B_SyncTimeQuanta
 177C:565A       _gmvb_DCS_substate
 177C:5660 idle  _W_XPosition
 177C:5662 idle  _W_YPosition
 177C:5696       _BLOCKREALNESSTHR
 177C:5697       _BLOCKMINLUMTHR
 177C:5698 idle  _Problemfound
 177C:5699       _CoarseQuad
 177C:569A idle  _Coarsefield
 177C:569B       _CoarseSubQuad
 177C:569C idle  _OnceArtiFactDetected
 177C:569E       _PixCrHStart
 177C:56A0       _PixCrWidth
 177C:56A2       _PixCrVStart
 177C:56A4       _PixCrLength
 177C:56A6       _PixCrVshift
 177C:56A8       _YRegionSize
 177C:56AA       _XRegionSize
 177C:56AC       _Block
 177C:56BB       _TfineedgeLoc
 177C:56BC       _BfineedgeLoc
 177C:56BD       _LfineedgeLoc
 177C:56BE       _RfineedgeLoc
 177C:56C8 idle  _DispVideoInfo
 177C:56D4       _CurrVideoInfo
 177C:56E0 idle  _CompVideoInfo
 177C:56EC idle  _CompVideoInfo1
 177C:56F8 idle  _CurrCoarseInfo
 177C:5704 idle  _CurrBorderInfo
 177C:5710       _MultiVideoInfo
 177C:5740 idle  _MultiVideoInfoPrev
 177C:5770 idle  _StoreOrComp
 177C:5779 idle  _FirstStep
 177C:577A idle  _FineAPL
 177C:577B idle  _FineDiffL
 177C:577C       _MotionEdge
 177C:577D idle  _VideoEdge
 177C:577E       _BlackBorderOn
 177C:577F       _OneMoreStep
 177C:5780 idle  _Lock
 177C:5781       _GetNewBorder
 177C:5782 idle  _OneMoreTryBorder
 177C:5783       _CanTryNewBorder
 177C:5784       _DitherDetected
 177C:5785       _SeparateRGBmot
 177C:5786       _CoarseMotionThr
 177C:5788       _CoarseDitherFactor
 177C:578A       _FineDitherFactor
 177C:578C       _EdgeHwThreshold
 177C:578D       _EdgeDivFact
 177C:578E       _CoarseMotionGate
 177C:578F       _CoarseRealGate
 177C:5790       _CoarseBlacklevel
 177C:5791       _FinalMotionGate
 177C:5792       _FinalGate
 177C:5793       _FinalMapSel
 177C:5794       _RectWidth
 177C:5795       _RectHeight
 177C:5796       _FineMotionThr
 177C:5798       _FineBlacklevel
 177C:579C       _ScanWidth
 177C:579E       _ScanStart
 177C:57A0 idle  _ScanEnd
 177C:57A2 idle  _ScanStore
 177C:57A4 idle  _EdgeWindow
 177C:57A6 idle  _FillCount
 177C:57A7       _ExtraWidth
 177C:57A8       _YRgnSize
 177C:57A9       _Y
 177C:57AA       _RunType
 177C:57AB       _NumCapture
 177C:57AC idle  _MaxRectCount
 177C:57AD       _RectCount
 177C:57AE       _RectType
 177C:57AF       _SelectMap
 177C:57B0 idle  _VideoON
 177C:57B1 idle  _PAUSENOTSUP
 177C:57B2       _FORCE_DITHER
 177C:57B3       _FINEFIRSTORLAST
 177C:57B4       _NUMBEROFCAPTURES
 177C:57B5       _DITHERMEASNUMCAP
 177C:57B6       _DITHERDETMINFACT
 177C:57B7       _WINSTEPSIZE
 177C:57BC       _vdifflocx
 177C:57BE       _vdifflocy
 177C:57C0       _vdifflocx_found
 177C:57C2       _vdifflocy_found
 177C:57C4       _FullScreenEnable
 177C:57C5 idle  _LastStep
 177C:57C6       _NOOFFRAMEMOTKEPT
 177C:57C8       _CurrFrameInfo
 177C:57CC       _CurrMotionInfo
 177C:57D0       _PremFrameInfo
 177C:57D4       _CurrFineFrameInfo
 177C:57D8       _CurrDitherFrameInfo
 177C:57DC       _CurrDeIntInfo
 177C:57E0       _AnalyzeParam
 177C:57F0       _PWMSave
 177C:57F2       _AvsSave
 177C:57F4       _MotionProcControlSave
 177C:57F6       _Clock2Save
 177C:57F8 idle  _gW_LvdsSave
 177C:57FA       _Clock4Save
 177C:57FC       _Clock5Save
 177C:57FE       _Clock6Save
 177C:5800       _Clock7Save
 177C:5802       _Clock8Save
 177C:5804       _Clock9Save
 177C:5806 idle  _ImpDviClkSave
 177C:5808 idle  _IppDviClkSave
 177C:580A idle  _b_Abort
 177C:580B idle  _Phase_Threshold
 177C:580C idle  _CalcArray
 177C:5812 idle  _HTOTAL_Store
 177C:5814 idle  _ActualNumXRegions
 177C:5816 idle  _Unqualifieds
 177C:5817 idle  _HtotalShift
 177C:5818 idle  _Select_Color_Reg
 177C:5819 idle  _Worst_Phase
 177C:581A idle  _PHASE_Store
 177C:581B idle  _Temp1
 177C:581C idle  _Temp2
 177C:581D idle  _Temp3
 177C:581E idle  _Temp4
 177C:5820 idle  _PhaseSkewStore
 177C:5822 idle  _IA_BufferPtr
 177C:5824 idle  _DecompBuf
 177C:5826 idle  _SegmentArray
 177C:5828 idle  _GapArray
 177C:582A idle  _EdgeArray
 177C:582C idle  _EdgeArrayPtr
 177C:582E idle  _Segment_ArrayPtr
 177C:5830 idle  _Gap_Array_Ptr
 177C:5834 idle  _IaBuffer
 177C:62AA       _B_WssCrcc
 177C:62AC       _W_WssData
 177C:62BE idle  _AUX_reqest_buffer
 177C:62CE idle  _AUX_Reply_buffer
 177C:62DE idle  _LqaResult_s
 177C:63DE idle  _LqaResult_s_out
 177C:64DE idle  _NVRAM_data_start
 17E9:0010       _SMT_TransArray
 17FB:0040 idle  _CSCMatrix
 17FB:0064 idle  _InOffset
 17FB:0070 idle  _OutOffset
 1805:0090 idle  _SMT_MasterTransactions
 180B:00B0 idle  _B_MSQNRFilterStrength
 180B:00C0       _VQ_Sharpness_Para_TEMP
 1810:00A0 idle  _PixCrInfoRam
 186E:0000       _gm_McuInit
 186E:0003       _gmi_ProgramRCLKandOCLK
 186E:0006 idle  _gmi_ProgramRCLKandOCLKandTimer
 186E:0009       __fmemcpy
 186E:000C       __fmemset
 186E:000F idle  _gm_func
 186E:0012 idle  _main_c
 186E:0015       _gm_GetSystemTime
 186E:0018       _gm_GetSystemTimeW
 186E:001B idle  _gm_GetSystemTimePrecise
 186E:001E       _gmi_TimerInit
 186E:0021       _gm_TimerCpuClock
 186E:0024       _gm_TimerStartEx
 186E:0027 idle  _gm_TimerStopEx
 186E:002A       _gm_TimerCheckEx
 186E:002D idle  _gm_StartHwResponseTimer
 186E:0030 idle  _gm_CheckHwResponseTimer
 186E:0033 idle  _gm_TimerIsr
 186E:0036 idle  _gm_Delay
 186E:0039 idle  _gm_UserTimerInitEx
 186E:003C       _gm_UserTimerInit
 186E:003F idle  _gm_GselTimerInitEx
 186E:0042       _gm_GselTimerInit
 186E:0045       _gm_TimerStart
 186E:0048       _gm_TimerCheck
 186E:004B       _gm_TimerStop
 186E:004E       _gm_TimerRead
 186E:0051       _gm_Delay1ms
 186E:0054       _gm_Delay10ms
 186E:0057       _gm_Delay100ms
 186E:005A       _gm_UartTrxChar
 186E:005D idle  _gm_Uart1TrxChar
 186E:0060 idle  _gm_UartIsInTrx
 186E:0063 idle  _gm_UartClock
 186E:0066       _gm_UartInit
 186E:0069       _gm_UartReadCmdPkt_C
 186E:006C       _gm_UartWriteCmdPkt
 186E:006F       _gm_Uart_GetRcvCnt
 186E:0072 idle  _gm_DDC2Bi_GetTranslCmd
 186E:0075 idle  _gm_DDC2Bi_SetTranslCmd
 186E:0078 idle  _gm_DDC2Bi_GetManufacturerID
 186E:007B idle  _gm_DDC2Bi_SetManufacturerID
 186E:007E idle  _gm_DDC2Bi_CheckCS
 186E:0081 idle  _gm_SSlave_Init
 186E:0084 idle  _gm_SSlave_Reinit
 186E:0087 idle  _gm_SSlaveWrite
 186E:008A idle  _gm_SSlaveRead
 186E:008D idle  _gm_GetRunModeStatus
 186E:0090 idle  _gm_SetRunModeStatus
 186E:0093 idle  _gm_I2CSlaveWriteCmdPkt
 186E:0096       _gm_WriteCmdPkt
 186E:0099       _gm_SendAckOrNack
 186E:009C idle  _gm_SSlaveWriteCmdPkt
 186E:009F idle  _gm_SSlave_Handler
 186E:00A2 idle  _gm_AuxRxWriteCmdPkt
 186E:00A5 idle  _gm_AuxRxHandler
 186E:00A8       _gm_GprobeCmdParser
 186E:00AB idle  _gm_SetExtendedCommParser
 186E:00AE idle  _gm_UartHandler
 186E:00B1       _gm_SetPrintPort
 186E:00B4       _gm_ByteToHexChars
 186E:00B7       _gm_Print_C
 186E:00BA       _gm_I2CSlaveInitAll
 186E:00BD       _gm_I2CSlaveInit
 186E:00C0 idle  _gm_I2CSlaveGetAddrBuffer
 186E:00C3       _gm_I2CSlaveSetChannel
 186E:00C6       _gm_I2CSlaveGetChannel
 186E:00C9       _gmi_I2CSlaveAddI2CAddress
 186E:00CC       _gmi_I2CSlaveRemoveI2CAddress
 186E:00CF       _gm_I2CSlaveWriteToFifo
 186E:00D2 idle  _gm_I2CSlaveReadFromFifo
 186E:00D5 idle  _gm_I2CSlaveReadFromFifo_new
 186E:00D8 idle  _gm_I2CSlaveHandler
 186E:00DB idle  _gm_I2CSlaveChannelHandler
 186E:00DE idle  _gmi_I2CSlaveIsr
 186E:00E1       _gm_I2CSlaveIsrNew
 186E:00E4 idle  _gm_I2CSlaveIsrOld
 186E:00E7       _gm_I2CSlaveSetReply
 186E:00EA idle  _gm_I2CSlaveSetExtHandler
 186E:00ED       _gm_I2CSlaveExecCommHandler
 186E:00F0       _gm_I2CSlaveDefaultHandler
 186E:00F3       _gm_I2CSlaveCreateNullMsg
 186E:00F6       _gm_I2CSlaveCheckCS
 186E:00F9 idle  _gm_I2CSlaveGetAddrMsgBuffer
 186E:00FC       _gm_I2CSlaveAddCommHandler
 186E:00FF       _gm_I2CSlaveGProbeHandler
 186E:0102       _gm_I2CSlaveHLFindCommHandler
 186E:0105 idle  _gm_I2CSlaveHLGetAddrModuleData
 186E:0108       _gm_LoadSRAMBlockEx
 186E:010B       _gm_ReadSRAMBlock
 186E:010E idle  _gm_SRAMBlockDmaReady
 186E:0111       _gm_Dma0Init
 186E:0114 idle  _gm_ResetFSBWriteFifo
 186E:0117       _gm_ResetFSBReadFifo
 186E:011A       _gm_RequestDma0Ex
 186E:011D       _gm_RequestFSBWriteFifo
 186E:0120       _gm_RequestFSBReadFifo
 186E:0123       _gm_ReleaseFSBWriteFifo
 186E:0126       _gm_ReleaseFSBReadFifo
 186E:0129       _gm_SdramWriteInit
 186E:012C idle  _gm_SdramReadInit
 186E:012F idle  _gm_DmaSdramWritingInit
 186E:0132 idle  _gm_DmaSdramReadingInit
 186E:0135 idle  _gm_DataExpandInit
 186E:0138 idle  _gm_SdramWriteHaEx
 186E:013B       _gm_SdramWrite_HA
 186E:013E idle  _gm_SdramReadHaEx
 186E:0141       _gm_SdramRead_HA
 186E:0144 idle  _gm_SdramFillEx
 186E:0147 idle  _gm_SdramFill
 186E:014A idle  _gm_SdramWriteDmaEx
 186E:014D idle  _gm_SdramWrite_DMA
 186E:0150 idle  _gm_SdramReadDmaEx
 186E:0153 idle  _gm_SdramRead_DMA
 186E:0156 idle  _gm_SdramBlockCopyEx
 186E:0159 idle  _gm_SdramBlockCopy
 186E:015C idle  _SetTeletextDataSdramStartAddress
 186E:015F idle  _gm_SdramReadTtxDataEx
 186E:0162 idle  _gm_SdramReadTtxData
 186E:0165 idle  _gm_SdramWriteTtxDataEx
 186E:0168 idle  _gm_SdramWriteTtxData
 186E:016B       _gm_GmcaCycleDecompress
 186E:016E       _gm_GmcaCycleDecompressEx
 186E:0171 idle  N_LXRSH@
 186E:0174 idle  N_LXURSH@
 186E:0177       F_LXRSH@
 186E:017A idle  LXRSH@
 186E:017D       F_LXURSH@
 186E:0180 idle  LXURSH@
 186E:0183 idle  N_LXLSH@
 186E:0186       F_LXLSH@
 186E:0189 idle  LXLSH@
 186E:018C idle  N_LXMUL@
 186E:018F       F_LXMUL@
 186E:0192 idle  LXMUL@
 186E:0195 idle  N_LUDIV@
 186E:0198 idle  N_LDIV@
 186E:019B       F_LUDIV@
 186E:019E idle  LUDIV@
 186E:01A1       F_LDIV@
 186E:01A4 idle  LDIV@
 186E:01A7 idle  N_LUMOD@
 186E:01AA idle  N_LMOD@
 186E:01AD       F_LUMOD@
 186E:01B0 idle  LUMOD@
 186E:01B3       F_LMOD@
 186E:01B6 idle  LMOD@
 186E:01B9 idle  SCOPY@
 186E:01BC       F_SCOPY@
 186E:01BF       _gm_OsdShow
 186E:01C2       _gm_OsdHide
 186E:01C5 idle  _gm_OsdConfigureTilesEx
 186E:01C8 idle  _gm_OsdConfigureTiles
 186E:01CB idle  _gm_OsdReset
 186E:01CE idle  _gm_OsdInitEx
 186E:01D1       _gm_OsdInit
 186E:01D4 idle  _gm_OsdGetNumberOfTiles
 186E:01D7       _gm_GetSelectedTileset
 186E:01DA       _gm_SetSelectedTileset
 186E:01DD       _gm_OsdSetTile
 186E:01E0       _gm_OsdGetTile
 186E:01E3       _gm_OsdEnableTile
 186E:01E6       _gm_OsdDisableTile
 186E:01E9 idle  _gm_OsdTileTransparency
 186E:01EC idle  _gm_OsdTileBlink
 186E:01EF idle  _gm_OsdTileBlend
 186E:01F2 idle  _gm_OsdTileTransBehavior
 186E:01F5 idle  _gm_OsdTileBlinkBehavior
 186E:01F8       _gm_OsdSetTilePosition
 186E:01FB       _gm_OsdGetTilePosition
 186E:01FE       _gm_OsdGetTileSize
 186E:0201       _gm_OsdSwitchTileSet
 186E:0204       _gm_OsdTileHighlight
 186E:0207 idle  _gm_OsdTileHighLightColourIndex
 186E:020A idle  _gm_OsdTileHighLightTransparency
 186E:020D idle  _gm_OsdTileHighLightBlink
 186E:0210 idle  _gm_OsdTileHighLightTransBehavior
 186E:0213 idle  _gm_OsdLoadClutByOcmPollingEx
 186E:0216       _gm_OsdLoadClutByOcmPolling
 186E:0219 idle  _gm_OsdLoadClutByDmaEx
 186E:021C       _gm_OsdLoadClutByDma
 186E:021F       _gm_OsdFillRectangle
 186E:0222       _gm_OsdSetFontVector
 186E:0225       _gm_OsdPrintTextEx
 186E:0228       _gm_OsdDrawUncomprImage
 186E:022B       _gm_OsdSetGlobalFontId
 186E:022E       _gm_OsdGetGlyphHeader
 186E:0231 idle  _gm_OsdRotate1bppPixelDataEx
 186E:0234 idle  _gm_OsdRotate2bppPixelDataEx
 186E:0237 idle  _gm_OsdRotate4bppPixelDataEx
 186E:023A idle  _gm_OsdRotate8bppPixelDataEx
 186E:023D       _gm_OsdRotate1bppPixelData
 186E:0240       _gm_OsdRotate2bppPixelData
 186E:0243       _gm_OsdRotate4bppPixelData
 186E:0246       _gm_OsdRotate8bppPixelData
 186E:0249 idle  _gm_RenderBufferInit
 186E:024C       _gm_DecompressInit
 186E:024F       _gm_OsdPixelExpansionBufferInit
 186E:0252 idle  _gm_OsdSetEnhTtxTile
 186E:0255 idle  _gm_OsdSetEnhTtxTileColor
 186E:0258 idle  _gm_OsdSetEnhTtxTileAttr
 186E:025B idle  _gm_OsdDrawUnicodeCharacter
 186E:025E       _gm_AfpDetectInit
 186E:0261       _gm_AfpSetVmPalFlag
 186E:0264 idle  _gm_AfpSet22GetNoiseSThrFunc
 186E:0267 idle  _gm_ISPGetParameter
 186E:026A idle  _gm_ISPInit_C
 186E:026D idle  _gm_LogAllocate
 186E:0270 idle  _gm_LogReset
 186E:0273 idle  _gm_LogGetCurSize
 186E:0276 idle  _gm_LogGet
 186E:0279 idle  _gm_LogPut
 186E:027C idle  _gm_LogPutEx
 186E:027F idle  _gm_LogPutF
 186E:0282 idle  _gm_LogGetNumEvents
 186E:0285 idle  _gm_IrInit
 186E:0288 idle  _gm_IrSetCallBack
 186E:028B idle  _gm_IrGetKey
 186E:028E       _gm_OTPInitialize
 186E:0291 idle  _gm_OTPReadMem
 186E:0294       _gm_OTPWriteMem
 186E:0297 idle  _gm_DpRxAuxRequestISR
 186E:029A idle  _gm_SetDpRxAuxLLNativeRequest
 186E:029D idle  _gm_DpRxAuxGetChunkData
 186E:02A0 idle  _gm_DpRxAuxSetReplyData
 186E:02A3 idle  _gm_DpRxAuxSetReplyCmd
 186E:02A6 idle  _gm_DpRxAuxPhyInit
 186E:02A9 idle  _gm_DpRxAuxInit
 186E:02AC       _gm_AuxRxI2C_SW_TransInit
 186E:02AF       _gm_AuxRxI2C_SW_IsSWTransaction
 186E:02B2       _gm_AuxRxI2C_SW_AddSWDevId
 186E:02B5 idle  _gm_AuxRxI2C_SW_ClearSWDevIdTable
 186E:02B8       _gm_AuxRxI2C_SW_Handler
 186E:02BB idle  _gm_AuxRxI2C_SW_GetBuff
 186E:02BE idle  _gm_AuxRxI2C_SW_GetAddrModuleData
 186E:02C1 idle  _gm_AuxRxI2C_SWCallback
 186E:02C4 idle  _gm_DpRxAuxLLI2CInit
 186E:02C7 idle  _gm_DpRxAuxLLI2CRequest
 186E:02CA idle  _gm_DualFlashSwitch
 186E:02CD       _gm_SpiGetParameters
 186E:02D0       _gm_SpiDetectFlashDevice
 186E:02D3 idle  _gm_SpiStopTransaction
 186E:02D6 idle  _gm_SpiStartTransaction
 186E:02D9 idle  _gm_SpiWriteByte
 186E:02DC idle  _gm_SpiReadByte
 186E:02DF idle  _gmi_CsmI2CMuxSelect
 186E:02E2 idle  _gm_SetCsmI2CMuxPath
 186E:02E5 idle  _gm_SetDDCIRQMask
 186E:02E8 idle  _gm_DDC2BiWriteCmdPkt
 186E:02EB idle  _gm_DDC2Bi_Handler
 186E:02EE idle  _gm_DDC2Bi_GetRcvCnt
 186E:02F1 idle  _gm_DDC2Bi_SetRcvCnt
 186E:02F4 idle  _gm_DDC2Bi_GetRcvStatus
 186E:02F7       _gm_DDC2Bi_Init
 186E:02FA idle  _gm_DDC2Bi_Reinit
 186E:02FD idle  _gm_DDC2Bi_SetDeviceID
 186E:0300 idle  _gm_DDC2BiWrite
 186E:0303 idle  _gm_DDC2BiRead
 186E:0306       _gmi_Delay1us
 186E:0309 idle  _gm_ISPRcvConfig
 186E:030C idle  _gm_ISPSystemRcv
 186E:030F       _gm_StopRcvMsg
 186E:0312       _gm_StartRcvMsg
 186E:0315 idle  _LoadHdcpKeyArray
 186E:0318 idle  _GetRingOscTrimVal
 186E:031B       _gmi_OtpSramInit
 186E:031E       _gmi_CalculateCrcBlockRam
 186E:0321 idle  _gm_ContProt
 186E:0324       _LoadHdcpKey
 186E:0327 idle  _gm_SetFlashBankSize


Program entry point at 0000:0064

